Copyright 1986-2022 Xilinx, Inc. All Rights Reserved. Copyright 2022-2024 Advanced Micro Devices, Inc. All Rights Reserved.
---------------------------------------------------------------------------------------------------------------------------------------------
| Tool Version : Vivado v.2024.2 (win64) Build 5239630 Fri Nov 08 22:35:27 MST 2024
| Date         : Mon Aug 24 15:25:41 2026
| Host         : PCLDY-ESGT-419 running 64-bit major release  (build 9200)
| Command      : report_timing_summary -file out/post_place_timing_summary.rpt
| Design       : red_pitaya_top
| Device       : 7z010-clg400
| Speed File   : -1  PRODUCTION 1.12 2019-11-22
| Design State : Physopt postPlace
---------------------------------------------------------------------------------------------------------------------------------------------

Timing Summary Report

------------------------------------------------------------------------------------------------
| Timer Settings
| --------------
------------------------------------------------------------------------------------------------

  Enable Multi Corner Analysis               :  Yes
  Enable Pessimism Removal                   :  Yes
  Pessimism Removal Resolution               :  Nearest Common Node
  Enable Input Delay Default Clock           :  No
  Enable Preset / Clear Arcs                 :  No
  Disable Flight Delays                      :  No
  Ignore I/O Paths                           :  No
  Timing Early Launch at Borrowing Latches   :  No
  Borrow Time for Max Delay Exceptions       :  Yes
  Merge Timing Exceptions                    :  Yes
  Inter-SLR Compensation                     :  Conservative

  Corner  Analyze    Analyze    
  Name    Max Paths  Min Paths  
  ------  ---------  ---------  
  Slow    Yes        Yes        
  Fast    Yes        Yes        


------------------------------------------------------------------------------------------------
| Report Methodology
| ------------------
------------------------------------------------------------------------------------------------

No report available as report_methodology has not been run prior. Run report_methodology on the current design for the summary of methodology violations.



check_timing report

Table of Contents
-----------------
1. checking no_clock (1)
2. checking constant_clock (0)
3. checking pulse_width_clock (0)
4. checking unconstrained_internal_endpoints (2)
5. checking no_input_delay (16)
6. checking no_output_delay (46)
7. checking multiple_clock (0)
8. checking generated_clocks (0)
9. checking loops (0)
10. checking partial_input_delay (0)
11. checking partial_output_delay (0)
12. checking latch_loops (0)

1. checking no_clock (1)
------------------------
 There is 1 register/latch pin with no clock driven by root clock pin: i_hk/dna_clk_reg/Q (HIGH)


2. checking constant_clock (0)
------------------------------
 There are 0 register/latch pins with constant_clock.


3. checking pulse_width_clock (0)
---------------------------------
 There are 0 register/latch pins which need pulse_width check


4. checking unconstrained_internal_endpoints (2)
------------------------------------------------
 There are 2 pins that are not constrained for maximum delay. (HIGH)

 There are 0 pins that are not constrained for maximum delay due to constant clock.


5. checking no_input_delay (16)
-------------------------------
 There are 16 input ports with no input delay specified. (HIGH)

 There are 0 input ports with no input delay but user has a false path constraint.


6. checking no_output_delay (46)
--------------------------------
 There are 46 ports with no output delay specified. (HIGH)

 There are 0 ports with no output delay but user has a false path constraint

 There are 0 ports with no output delay but with a timing clock defined on it or propagating through it


7. checking multiple_clock (0)
------------------------------
 There are 0 register/latch pins with multiple clocks.


8. checking generated_clocks (0)
--------------------------------
 There are 0 generated clocks that are not connected to a clock source.


9. checking loops (0)
---------------------
 There are 0 combinational loops in the design.


10. checking partial_input_delay (0)
------------------------------------
 There are 0 input ports with partial input delay specified.


11. checking partial_output_delay (0)
-------------------------------------
 There are 0 ports with partial output delay specified.


12. checking latch_loops (0)
----------------------------
 There are 0 combinational latch loops in the design through latch input



------------------------------------------------------------------------------------------------
| Design Timing Summary
| ---------------------
------------------------------------------------------------------------------------------------

    WNS(ns)      TNS(ns)  TNS Failing Endpoints  TNS Total Endpoints      WHS(ns)      THS(ns)  THS Failing Endpoints  THS Total Endpoints     WPWS(ns)     TPWS(ns)  TPWS Failing Endpoints  TPWS Total Endpoints  
    -------      -------  ---------------------  -------------------      -------      -------  ---------------------  -------------------     --------     --------  ----------------------  --------------------  
     -2.318     -374.567                    526                29958       -1.762      -64.158                    134                29958        1.000        0.000                       0                 11594  


Timing constraints are not met.


------------------------------------------------------------------------------------------------
| Clock Summary
| -------------
------------------------------------------------------------------------------------------------

Clock             Waveform(ns)         Period(ns)      Frequency(MHz)
-----             ------------         ----------      --------------
adc_clk           {0.000 4.000}        8.000           125.000         
  clk_fb          {0.000 4.000}        8.000           125.000         
  pll_adc_clk     {0.000 4.000}        8.000           125.000         
  pll_dac_clk_1x  {0.000 4.000}        8.000           125.000         
  pll_dac_clk_2p  {-0.500 1.500}       4.000           250.000         
  pll_dac_clk_2x  {0.000 2.000}        4.000           250.000         
  pll_pwm_clk     {0.000 2.000}        4.000           250.000         
clk_fpga_0        {0.000 4.000}        8.000           125.000         
clk_fpga_1        {0.000 2.000}        4.000           250.000         
clk_fpga_2        {0.000 10.000}       20.000          50.000          
clk_fpga_3        {0.000 2.500}        5.000           200.000         
rx_clk            {0.000 2.000}        4.000           250.000         


------------------------------------------------------------------------------------------------
| Intra Clock Table
| -----------------
------------------------------------------------------------------------------------------------

Clock                 WNS(ns)      TNS(ns)  TNS Failing Endpoints  TNS Total Endpoints      WHS(ns)      THS(ns)  THS Failing Endpoints  THS Total Endpoints     WPWS(ns)     TPWS(ns)  TPWS Failing Endpoints  TPWS Total Endpoints  
-----                 -------      -------  ---------------------  -------------------      -------      -------  ---------------------  -------------------     --------     --------  ----------------------  --------------------  
adc_clk                                                                                                                                                             2.000        0.000                       0                     1  
  clk_fb                                                                                                                                                            6.751        0.000                       0                     2  
  pll_adc_clk          -2.318     -374.567                    526                27730       -0.035       -0.204                      9                27730        3.500        0.000                       0                 10570  
  pll_dac_clk_1x        1.101        0.000                      0                   45       -0.146       -0.379                      7                   45        3.500        0.000                       0                    47  
  pll_dac_clk_2p                                                                                                                                                    1.845        0.000                       0                     3  
  pll_dac_clk_2x                                                                                                                                                    1.845        0.000                       0                     3  
  pll_pwm_clk           0.073        0.000                      0                  440        0.117        0.000                      0                  440        1.500        0.000                       0                   217  
clk_fpga_3              0.075        0.000                      0                 1655        0.131        0.000                      0                 1655        1.000        0.000                       0                   751  


------------------------------------------------------------------------------------------------
| Inter Clock Table
| -----------------
------------------------------------------------------------------------------------------------

From Clock      To Clock            WNS(ns)      TNS(ns)  TNS Failing Endpoints  TNS Total Endpoints      WHS(ns)      THS(ns)  THS Failing Endpoints  THS Total Endpoints  
----------      --------            -------      -------  ---------------------  -------------------      -------      -------  ---------------------  -------------------  
adc_clk         pll_adc_clk           6.064        0.000                      0                   28       -1.762      -47.627                     28                   28  
pll_adc_clk     pll_dac_clk_1x        3.341        0.000                      0                   28        0.270        0.000                      0                   28  
pll_adc_clk     pll_pwm_clk           1.211        0.000                      0                   94       -0.311      -15.948                     90                   94  


------------------------------------------------------------------------------------------------
| Other Path Groups Table
| -----------------------
------------------------------------------------------------------------------------------------

Path Group    From Clock    To Clock          WNS(ns)      TNS(ns)  TNS Failing Endpoints  TNS Total Endpoints      WHS(ns)      THS(ns)  THS Failing Endpoints  THS Total Endpoints  
----------    ----------    --------          -------      -------  ---------------------  -------------------      -------      -------  ---------------------  -------------------  


------------------------------------------------------------------------------------------------
| Timing Details
| --------------
------------------------------------------------------------------------------------------------


---------------------------------------------------------------------------------------------------
From Clock:  adc_clk
  To Clock:  adc_clk

Setup :           NA  Failing Endpoints,  Worst Slack           NA  ,  Total Violation           NA
Hold  :           NA  Failing Endpoints,  Worst Slack           NA  ,  Total Violation           NA
PW    :            0  Failing Endpoints,  Worst Slack        2.000ns,  Total Violation        0.000ns
---------------------------------------------------------------------------------------------------


Pulse Width Checks
--------------------------------------------------------------------------------------
Clock Name:         adc_clk
Waveform(ns):       { 0.000 4.000 }
Period(ns):         8.000
Sources:            { adc_clk_p_i }

Check Type        Corner  Lib Pin           Reference Pin  Required(ns)  Actual(ns)  Slack(ns)  Location        Pin
Min Period        n/a     PLLE2_ADV/CLKIN1  n/a            1.249         8.000       6.751      PLLE2_ADV_X0Y0  pll/pll/CLKIN1
Max Period        n/a     PLLE2_ADV/CLKIN1  n/a            52.633        8.000       44.633     PLLE2_ADV_X0Y0  pll/pll/CLKIN1
Low Pulse Width   Slow    PLLE2_ADV/CLKIN1  n/a            2.000         4.000       2.000      PLLE2_ADV_X0Y0  pll/pll/CLKIN1
High Pulse Width  Slow    PLLE2_ADV/CLKIN1  n/a            2.000         4.000       2.000      PLLE2_ADV_X0Y0  pll/pll/CLKIN1



---------------------------------------------------------------------------------------------------
From Clock:  clk_fb
  To Clock:  clk_fb

Setup :           NA  Failing Endpoints,  Worst Slack           NA  ,  Total Violation           NA
Hold  :           NA  Failing Endpoints,  Worst Slack           NA  ,  Total Violation           NA
PW    :            0  Failing Endpoints,  Worst Slack        6.751ns,  Total Violation        0.000ns
---------------------------------------------------------------------------------------------------


Pulse Width Checks
--------------------------------------------------------------------------------------
Clock Name:         clk_fb
Waveform(ns):       { 0.000 4.000 }
Period(ns):         8.000
Sources:            { pll/pll/CLKFBOUT }

Check Type  Corner  Lib Pin             Reference Pin  Required(ns)  Actual(ns)  Slack(ns)  Location        Pin
Min Period  n/a     PLLE2_ADV/CLKFBOUT  n/a            1.249         8.000       6.751      PLLE2_ADV_X0Y0  pll/pll/CLKFBOUT
Max Period  n/a     PLLE2_ADV/CLKFBIN   n/a            52.633        8.000       44.633     PLLE2_ADV_X0Y0  pll/pll/CLKFBIN



---------------------------------------------------------------------------------------------------
From Clock:  pll_adc_clk
  To Clock:  pll_adc_clk

Setup :          526  Failing Endpoints,  Worst Slack       -2.318ns,  Total Violation     -374.567ns
Hold  :            9  Failing Endpoints,  Worst Slack       -0.035ns,  Total Violation       -0.204ns
PW    :            0  Failing Endpoints,  Worst Slack        3.500ns,  Total Violation        0.000ns
---------------------------------------------------------------------------------------------------


Max Delay Paths
--------------------------------------------------------------------------------------
Slack (VIOLATED) :        -2.318ns  (required time - arrival time)
  Source:                 i_dsp/genblk4[4].iir/a2_reg[23]/C
                            (rising edge-triggered cell FDRE clocked by pll_adc_clk  {rise@0.000ns fall@4.000ns period=8.000ns})
  Destination:            i_dsp/genblk4[4].iir/overflow_i_reg_reg[1]/D
                            (rising edge-triggered cell FDRE clocked by pll_adc_clk  {rise@0.000ns fall@4.000ns period=8.000ns})
  Path Group:             pll_adc_clk
  Path Type:              Setup (Max at Slow Process Corner)
  Requirement:            8.000ns  (pll_adc_clk rise@8.000ns - pll_adc_clk rise@0.000ns)
  Data Path Delay:        10.264ns  (logic 7.874ns (76.715%)  route 2.390ns (23.285%))
  Logic Levels:           11  (CARRY4=7 DSP48E1=2 LUT1=1 LUT4=1)
  Clock Path Skew:        -0.066ns (DCD - SCD + CPR)
    Destination Clock Delay (DCD):    5.525ns = ( 13.525 - 8.000 ) 
    Source Clock Delay      (SCD):    5.917ns
    Clock Pessimism Removal (CPR):    0.326ns
  Clock Uncertainty:      0.069ns  ((TSJ^2 + DJ^2)^1/2) / 2 + PE
    Total System Jitter     (TSJ):    0.071ns
    Discrete Jitter          (DJ):    0.118ns
    Phase Error              (PE):    0.000ns

    Location             Delay type                Incr(ns)  Path(ns)    Netlist Resource(s)
  -------------------------------------------------------------------    -------------------
                         (clock pll_adc_clk rise edge)
                                                      0.000     0.000 r  
    U18                                               0.000     0.000 r  adc_clk_p_i (IN)
                         net (fo=0)                   0.000     0.000    adc_clk_p_i
    U18                  IBUFDS (Prop_ibufds_I_O)     0.983     0.983 r  i_clk/O
                         net (fo=1, estimated)        1.306     2.289    pll/clk
    PLLE2_ADV_X0Y0       PLLE2_ADV (Prop_plle2_adv_CLKIN1_CLKOUT0)
                                                      0.089     2.378 r  pll/pll/CLKOUT0
                         net (fo=1, estimated)        1.754     4.132    pll_adc_clk
    BUFGCTRL_X0Y0        BUFG (Prop_bufg_I_O)         0.101     4.233 r  bufg_adc_clk/O
                         net (fo=10577, estimated)    1.684     5.917    i_dsp/genblk4[4].iir/clk_i
    SLICE_X9Y6           FDRE                                         r  i_dsp/genblk4[4].iir/a2_reg[23]/C
  -------------------------------------------------------------------    -------------------
    SLICE_X9Y6           FDRE (Prop_fdre_C_Q)         0.456     6.373 r  i_dsp/genblk4[4].iir/a2_reg[23]/Q
                         net (fo=14, estimated)       0.581     6.954    i_dsp/genblk4[4].iir/p_ay2_module/factor2_i[23]
    DSP48_X0Y2           DSP48E1 (Prop_dsp48e1_A[29]_PCOUT[47])
                                                      4.036    10.990 r  i_dsp/genblk4[4].iir/p_ay2_module/product0/PCOUT[47]
                         net (fo=1, estimated)        0.000    10.990    i_dsp/genblk4[4].iir/p_ay2_module/product0_n_106
    DSP48_X0Y3           DSP48E1 (Prop_dsp48e1_PCIN[47]_P[3])
                                                      1.518    12.508 f  i_dsp/genblk4[4].iir/p_ay2_module/product0__0/P[3]
                         net (fo=2, estimated)        0.800    13.308    i_dsp/genblk4[4].iir/p_ay2_module/product0__1[20]
    SLICE_X10Y5          LUT1 (Prop_lut1_I0_O)        0.124    13.432 r  i_dsp/genblk4[4].iir/p_ay2_module/product_o[1]_INST_0_i_2/O
                         net (fo=1, routed)           0.000    13.432    i_dsp/genblk4[4].iir/p_ay2_module/product_o[1]_INST_0_i_2_n_0
    SLICE_X10Y5          CARRY4 (Prop_carry4_S[1]_CO[3])
                                                      0.533    13.965 r  i_dsp/genblk4[4].iir/p_ay2_module/product_o[1]_INST_0_i_1/CO[3]
                         net (fo=1, estimated)        0.000    13.965    i_dsp/genblk4[4].iir/p_ay2_module/product_o[1]_INST_0_i_1_n_0
    SLICE_X10Y6          CARRY4 (Prop_carry4_CI_CO[3])
                                                      0.117    14.082 r  i_dsp/genblk4[4].iir/p_ay2_module/product_o[5]_INST_0_i_1/CO[3]
                         net (fo=1, estimated)        0.000    14.082    i_dsp/genblk4[4].iir/p_ay2_module/product_o[5]_INST_0_i_1_n_0
    SLICE_X10Y7          CARRY4 (Prop_carry4_CI_CO[3])
                                                      0.117    14.199 r  i_dsp/genblk4[4].iir/p_ay2_module/product_o[9]_INST_0_i_1/CO[3]
                         net (fo=1, estimated)        0.000    14.199    i_dsp/genblk4[4].iir/p_ay2_module/product_o[9]_INST_0_i_1_n_0
    SLICE_X10Y8          CARRY4 (Prop_carry4_CI_CO[3])
                                                      0.117    14.316 r  i_dsp/genblk4[4].iir/p_ay2_module/product_o[13]_INST_0_i_1/CO[3]
                         net (fo=1, estimated)        0.000    14.316    i_dsp/genblk4[4].iir/p_ay2_module/product_o[13]_INST_0_i_1_n_0
    SLICE_X10Y9          CARRY4 (Prop_carry4_CI_CO[3])
                                                      0.117    14.433 r  i_dsp/genblk4[4].iir/p_ay2_module/product_o[17]_INST_0_i_1/CO[3]
                         net (fo=1, estimated)        0.000    14.433    i_dsp/genblk4[4].iir/p_ay2_module/product_o[17]_INST_0_i_1_n_0
    SLICE_X10Y10         CARRY4 (Prop_carry4_CI_CO[3])
                                                      0.117    14.550 r  i_dsp/genblk4[4].iir/p_ay2_module/product_o[21]_INST_0_i_1/CO[3]
                         net (fo=1, estimated)        0.000    14.550    i_dsp/genblk4[4].iir/p_ay2_module/product_o[21]_INST_0_i_1_n_0
    SLICE_X10Y11         CARRY4 (Prop_carry4_CI_O[3])
                                                      0.315    14.865 r  i_dsp/genblk4[4].iir/p_ay2_module/product_o[22]_INST_0_i_1/O[3]
                         net (fo=24, estimated)       1.009    15.874    i_dsp/genblk4[4].iir/p_ay2_module/p_0_in[2]
    SLICE_X12Y16         LUT4 (Prop_lut4_I2_O)        0.307    16.181 r  i_dsp/genblk4[4].iir/p_ay2_module/overflow_INST_0/O
                         net (fo=1, routed)           0.000    16.181    i_dsp/genblk4[4].iir/overflow_i[1]
    SLICE_X12Y16         FDRE                                         r  i_dsp/genblk4[4].iir/overflow_i_reg_reg[1]/D
  -------------------------------------------------------------------    -------------------

                         (clock pll_adc_clk rise edge)
                                                      8.000     8.000 r  
    U18                                               0.000     8.000 r  adc_clk_p_i (IN)
                         net (fo=0)                   0.000     8.000    adc_clk_p_i
    U18                  IBUFDS (Prop_ibufds_I_O)     0.940     8.940 r  i_clk/O
                         net (fo=1, estimated)        1.241    10.181    pll/clk
    PLLE2_ADV_X0Y0       PLLE2_ADV (Prop_plle2_adv_CLKIN1_CLKOUT0)
                                                      0.084    10.265 r  pll/pll/CLKOUT0
                         net (fo=1, estimated)        1.666    11.931    pll_adc_clk
    BUFGCTRL_X0Y0        BUFG (Prop_bufg_I_O)         0.091    12.022 r  bufg_adc_clk/O
                         net (fo=10577, estimated)    1.503    13.525    i_dsp/genblk4[4].iir/clk_i
    SLICE_X12Y16         FDRE                                         r  i_dsp/genblk4[4].iir/overflow_i_reg_reg[1]/C
                         clock pessimism              0.326    13.851    
                         clock uncertainty           -0.069    13.782    
    SLICE_X12Y16         FDRE (Setup_fdre_C_D)        0.081    13.863    i_dsp/genblk4[4].iir/overflow_i_reg_reg[1]
  -------------------------------------------------------------------
                         required time                         13.863    
                         arrival time                         -16.181    
  -------------------------------------------------------------------
                         slack                                 -2.318    





Min Delay Paths
--------------------------------------------------------------------------------------
Slack (VIOLATED) :        -0.035ns  (arrival time - required time)
  Source:                 i_scope/adc_wp_reg[1]/C
                            (rising edge-triggered cell FDRE clocked by pll_adc_clk  {rise@0.000ns fall@4.000ns period=8.000ns})
  Destination:            i_scope/adc_b_buf_reg_5/ADDRARDADDR[2]
                            (rising edge-triggered cell RAMB36E1 clocked by pll_adc_clk  {rise@0.000ns fall@4.000ns period=8.000ns})
  Path Group:             pll_adc_clk
  Path Type:              Hold (Min at Fast Process Corner)
  Requirement:            0.000ns  (pll_adc_clk rise@0.000ns - pll_adc_clk rise@0.000ns)
  Data Path Delay:        0.454ns  (logic 0.164ns (36.156%)  route 0.290ns (63.844%))
  Logic Levels:           0  
  Clock Path Skew:        0.305ns (DCD - SCD - CPR)
    Destination Clock Delay (DCD):    2.746ns
    Source Clock Delay      (SCD):    2.335ns
    Clock Pessimism Removal (CPR):    0.105ns

    Location             Delay type                Incr(ns)  Path(ns)    Netlist Resource(s)
  -------------------------------------------------------------------    -------------------
                         (clock pll_adc_clk rise edge)
                                                      0.000     0.000 r  
    U18                                               0.000     0.000 r  adc_clk_p_i (IN)
                         net (fo=0)                   0.000     0.000    adc_clk_p_i
    U18                  IBUFDS (Prop_ibufds_I_O)     0.401     0.401 r  i_clk/O
                         net (fo=1, estimated)        0.551     0.952    pll/clk
    PLLE2_ADV_X0Y0       PLLE2_ADV (Prop_plle2_adv_CLKIN1_CLKOUT0)
                                                      0.051     1.003 r  pll/pll/CLKOUT0
                         net (fo=1, estimated)        0.739     1.742    pll_adc_clk
    BUFGCTRL_X0Y0        BUFG (Prop_bufg_I_O)         0.026     1.768 r  bufg_adc_clk/O
                         net (fo=10577, estimated)    0.567     2.335    i_scope/adc_clk_i
    SLICE_X8Y45          FDRE                                         r  i_scope/adc_wp_reg[1]/C
  -------------------------------------------------------------------    -------------------
    SLICE_X8Y45          FDRE (Prop_fdre_C_Q)         0.164     2.499 r  i_scope/adc_wp_reg[1]/Q
                         net (fo=16, estimated)       0.290     2.789    i_scope/adc_wp_reg[1]
    RAMB36_X0Y10         RAMB36E1                                     r  i_scope/adc_b_buf_reg_5/ADDRARDADDR[2]
  -------------------------------------------------------------------    -------------------

                         (clock pll_adc_clk rise edge)
                                                      0.000     0.000 r  
    U18                                               0.000     0.000 r  adc_clk_p_i (IN)
                         net (fo=0)                   0.000     0.000    adc_clk_p_i
    U18                  IBUFDS (Prop_ibufds_I_O)     0.433     0.433 r  i_clk/O
                         net (fo=1, estimated)        0.579     1.012    pll/clk
    PLLE2_ADV_X0Y0       PLLE2_ADV (Prop_plle2_adv_CLKIN1_CLKOUT0)
                                                      0.054     1.066 r  pll/pll/CLKOUT0
                         net (fo=1, estimated)        0.778     1.845    pll_adc_clk
    BUFGCTRL_X0Y0        BUFG (Prop_bufg_I_O)         0.029     1.874 r  bufg_adc_clk/O
                         net (fo=10577, estimated)    0.872     2.746    i_scope/adc_clk_i
    RAMB36_X0Y10         RAMB36E1                                     r  i_scope/adc_b_buf_reg_5/CLKARDCLK
                         clock pessimism             -0.105     2.641    
    RAMB36_X0Y10         RAMB36E1 (Hold_ramb36e1_CLKARDCLK_ADDRARDADDR[2])
                                                      0.183     2.824    i_scope/adc_b_buf_reg_5
  -------------------------------------------------------------------
                         required time                         -2.824    
                         arrival time                           2.789    
  -------------------------------------------------------------------
                         slack                                 -0.035    





Pulse Width Checks
--------------------------------------------------------------------------------------
Clock Name:         pll_adc_clk
Waveform(ns):       { 0.000 4.000 }
Period(ns):         8.000
Sources:            { pll/pll/CLKOUT0 }

Check Type        Corner  Lib Pin            Reference Pin  Required(ns)  Actual(ns)  Slack(ns)  Location        Pin
Min Period        n/a     DSP48E1/CLK        n/a            3.884         8.000       4.116      DSP48_X0Y14     i_dsp/genblk2[0].i_pid/ki_mult_reg/CLK
Max Period        n/a     PLLE2_ADV/CLKOUT0  n/a            160.000       8.000       152.000    PLLE2_ADV_X0Y0  pll/pll/CLKOUT0
Low Pulse Width   Slow    FDRE/C             n/a            0.500         4.000       3.500      SLICE_X31Y48    adc_rstn_reg/C
High Pulse Width  Slow    FDRE/C             n/a            0.500         4.000       3.500      SLICE_X31Y48    adc_rstn_reg/C



---------------------------------------------------------------------------------------------------
From Clock:  pll_dac_clk_1x
  To Clock:  pll_dac_clk_1x

Setup :            0  Failing Endpoints,  Worst Slack        1.101ns,  Total Violation        0.000ns
Hold  :            7  Failing Endpoints,  Worst Slack       -0.146ns,  Total Violation       -0.379ns
PW    :            0  Failing Endpoints,  Worst Slack        3.500ns,  Total Violation        0.000ns
---------------------------------------------------------------------------------------------------


Max Delay Paths
--------------------------------------------------------------------------------------
Slack (MET) :             1.101ns  (required time - arrival time)
  Source:                 dac_rst_reg/C
                            (rising edge-triggered cell FDRE clocked by pll_dac_clk_1x  {rise@0.000ns fall@4.000ns period=8.000ns})
  Destination:            oddr_dac_dat[13]/R
                            (falling edge-triggered cell ODDR clocked by pll_dac_clk_1x  {rise@0.000ns fall@4.000ns period=8.000ns})
  Path Group:             pll_dac_clk_1x
  Path Type:              Setup (Max at Slow Process Corner)
  Requirement:            4.000ns  (pll_dac_clk_1x fall@4.000ns - pll_dac_clk_1x rise@0.000ns)
  Data Path Delay:        2.354ns  (logic 0.518ns (22.005%)  route 1.836ns (77.995%))
  Logic Levels:           0  
  Clock Path Skew:        0.322ns (DCD - SCD + CPR)
    Destination Clock Delay (DCD):    5.970ns = ( 9.970 - 4.000 ) 
    Source Clock Delay      (SCD):    5.974ns
    Clock Pessimism Removal (CPR):    0.326ns
  Clock Uncertainty:      0.069ns  ((TSJ^2 + DJ^2)^1/2) / 2 + PE
    Total System Jitter     (TSJ):    0.071ns
    Discrete Jitter          (DJ):    0.118ns
    Phase Error              (PE):    0.000ns

    Location             Delay type                Incr(ns)  Path(ns)    Netlist Resource(s)
  -------------------------------------------------------------------    -------------------
                         (clock pll_dac_clk_1x rise edge)
                                                      0.000     0.000 r  
    U18                                               0.000     0.000 r  adc_clk_p_i (IN)
                         net (fo=0)                   0.000     0.000    adc_clk_p_i
    U18                  IBUFDS (Prop_ibufds_I_O)     0.983     0.983 r  i_clk/O
                         net (fo=1, estimated)        1.306     2.289    pll/clk
    PLLE2_ADV_X0Y0       PLLE2_ADV (Prop_plle2_adv_CLKIN1_CLKOUT1)
                                                      0.089     2.378 r  pll/pll/CLKOUT1
                         net (fo=1, estimated)        1.754     4.132    pll_dac_clk_1x
    BUFGCTRL_X0Y3        BUFG (Prop_bufg_I_O)         0.101     4.233 r  bufg_dac_clk_1x/O
                         net (fo=45, estimated)       1.741     5.974    dac_clk_1x
    SLICE_X42Y51         FDRE                                         r  dac_rst_reg/C
  -------------------------------------------------------------------    -------------------
    SLICE_X42Y51         FDRE (Prop_fdre_C_Q)         0.518     6.492 r  dac_rst_reg/Q
                         net (fo=17, estimated)       1.836     8.328    dac_rst
    OLOGIC_X0Y92         ODDR                                         r  oddr_dac_dat[13]/R
  -------------------------------------------------------------------    -------------------

                         (clock pll_dac_clk_1x fall edge)
                                                      4.000     4.000 f  
    U18                                               0.000     4.000 f  adc_clk_p_i (IN)
                         net (fo=0)                   0.000     4.000    adc_clk_p_i
    U18                  IBUFDS (Prop_ibufds_I_O)     0.940     4.940 f  i_clk/O
                         net (fo=1, estimated)        1.241     6.181    pll/clk
    PLLE2_ADV_X0Y0       PLLE2_ADV (Prop_plle2_adv_CLKIN1_CLKOUT1)
                                                      0.084     6.265 f  pll/pll/CLKOUT1
                         net (fo=1, estimated)        1.666     7.931    pll_dac_clk_1x
    BUFGCTRL_X0Y3        BUFG (Prop_bufg_I_O)         0.091     8.022 f  bufg_dac_clk_1x/O
                         net (fo=45, estimated)       1.948     9.970    dac_clk_1x
    OLOGIC_X0Y92         ODDR                                         f  oddr_dac_dat[13]/C
                         clock pessimism              0.326    10.296    
                         clock uncertainty           -0.069    10.227    
    OLOGIC_X0Y92         ODDR (Setup_oddr_C_R)       -0.798     9.429    oddr_dac_dat[13]
  -------------------------------------------------------------------
                         required time                          9.429    
                         arrival time                          -8.328    
  -------------------------------------------------------------------
                         slack                                  1.101    





Min Delay Paths
--------------------------------------------------------------------------------------
Slack (VIOLATED) :        -0.146ns  (arrival time - required time)
  Source:                 dac_rst_reg/C
                            (rising edge-triggered cell FDRE clocked by pll_dac_clk_1x  {rise@0.000ns fall@4.000ns period=8.000ns})
  Destination:            oddr_dac_sel/R
                            (rising edge-triggered cell ODDR clocked by pll_dac_clk_1x  {rise@0.000ns fall@4.000ns period=8.000ns})
  Path Group:             pll_dac_clk_1x
  Path Type:              Hold (Min at Fast Process Corner)
  Requirement:            0.000ns  (pll_dac_clk_1x rise@0.000ns - pll_dac_clk_1x rise@0.000ns)
  Data Path Delay:        0.508ns  (logic 0.164ns (32.313%)  route 0.344ns (67.687%))
  Logic Levels:           0  
  Clock Path Skew:        0.178ns (DCD - SCD - CPR)
    Destination Clock Delay (DCD):    2.874ns
    Source Clock Delay      (SCD):    2.356ns
    Clock Pessimism Removal (CPR):    0.339ns

    Location             Delay type                Incr(ns)  Path(ns)    Netlist Resource(s)
  -------------------------------------------------------------------    -------------------
                         (clock pll_dac_clk_1x rise edge)
                                                      0.000     0.000 r  
    U18                                               0.000     0.000 r  adc_clk_p_i (IN)
                         net (fo=0)                   0.000     0.000    adc_clk_p_i
    U18                  IBUFDS (Prop_ibufds_I_O)     0.401     0.401 r  i_clk/O
                         net (fo=1, estimated)        0.551     0.952    pll/clk
    PLLE2_ADV_X0Y0       PLLE2_ADV (Prop_plle2_adv_CLKIN1_CLKOUT1)
                                                      0.051     1.003 r  pll/pll/CLKOUT1
                         net (fo=1, estimated)        0.739     1.742    pll_dac_clk_1x
    BUFGCTRL_X0Y3        BUFG (Prop_bufg_I_O)         0.026     1.768 r  bufg_dac_clk_1x/O
                         net (fo=45, estimated)       0.588     2.356    dac_clk_1x
    SLICE_X42Y51         FDRE                                         r  dac_rst_reg/C
  -------------------------------------------------------------------    -------------------
    SLICE_X42Y51         FDRE (Prop_fdre_C_Q)         0.164     2.520 r  dac_rst_reg/Q
                         net (fo=17, estimated)       0.344     2.864    dac_rst
    OLOGIC_X0Y57         ODDR                                         r  oddr_dac_sel/R
  -------------------------------------------------------------------    -------------------

                         (clock pll_dac_clk_1x rise edge)
                                                      0.000     0.000 r  
    U18                                               0.000     0.000 r  adc_clk_p_i (IN)
                         net (fo=0)                   0.000     0.000    adc_clk_p_i
    U18                  IBUFDS (Prop_ibufds_I_O)     0.433     0.433 r  i_clk/O
                         net (fo=1, estimated)        0.579     1.012    pll/clk
    PLLE2_ADV_X0Y0       PLLE2_ADV (Prop_plle2_adv_CLKIN1_CLKOUT1)
                                                      0.054     1.066 r  pll/pll/CLKOUT1
                         net (fo=1, estimated)        0.778     1.845    pll_dac_clk_1x
    BUFGCTRL_X0Y3        BUFG (Prop_bufg_I_O)         0.029     1.874 r  bufg_dac_clk_1x/O
                         net (fo=45, estimated)       1.000     2.874    dac_clk_1x
    OLOGIC_X0Y57         ODDR                                         r  oddr_dac_sel/C
                         clock pessimism             -0.339     2.534    
    OLOGIC_X0Y57         ODDR (Hold_oddr_C_R)         0.476     3.010    oddr_dac_sel
  -------------------------------------------------------------------
                         required time                         -3.010    
                         arrival time                           2.864    
  -------------------------------------------------------------------
                         slack                                 -0.146    





Pulse Width Checks
--------------------------------------------------------------------------------------
Clock Name:         pll_dac_clk_1x
Waveform(ns):       { 0.000 4.000 }
Period(ns):         8.000
Sources:            { pll/pll/CLKOUT1 }

Check Type        Corner  Lib Pin            Reference Pin  Required(ns)  Actual(ns)  Slack(ns)  Location        Pin
Min Period        n/a     BUFG/I             n/a            2.155         8.000       5.845      BUFGCTRL_X0Y3   bufg_dac_clk_1x/I
Max Period        n/a     PLLE2_ADV/CLKOUT1  n/a            160.000       8.000       152.000    PLLE2_ADV_X0Y0  pll/pll/CLKOUT1
Low Pulse Width   Slow    FDRE/C             n/a            0.500         4.000       3.500      SLICE_X43Y73    dac_dat_a_reg[0]/C
High Pulse Width  Slow    FDRE/C             n/a            0.500         4.000       3.500      SLICE_X43Y73    dac_dat_a_reg[0]/C



---------------------------------------------------------------------------------------------------
From Clock:  pll_dac_clk_2p
  To Clock:  pll_dac_clk_2p

Setup :           NA  Failing Endpoints,  Worst Slack           NA  ,  Total Violation           NA
Hold  :           NA  Failing Endpoints,  Worst Slack           NA  ,  Total Violation           NA
PW    :            0  Failing Endpoints,  Worst Slack        1.845ns,  Total Violation        0.000ns
---------------------------------------------------------------------------------------------------


Pulse Width Checks
--------------------------------------------------------------------------------------
Clock Name:         pll_dac_clk_2p
Waveform(ns):       { -0.500 1.500 }
Period(ns):         4.000
Sources:            { pll/pll/CLKOUT3 }

Check Type  Corner  Lib Pin            Reference Pin  Required(ns)  Actual(ns)  Slack(ns)  Location        Pin
Min Period  n/a     BUFG/I             n/a            2.155         4.000       1.845      BUFGCTRL_X0Y4   bufg_dac_clk_2p/I
Max Period  n/a     PLLE2_ADV/CLKOUT3  n/a            160.000       4.000       156.000    PLLE2_ADV_X0Y0  pll/pll/CLKOUT3



---------------------------------------------------------------------------------------------------
From Clock:  pll_dac_clk_2x
  To Clock:  pll_dac_clk_2x

Setup :           NA  Failing Endpoints,  Worst Slack           NA  ,  Total Violation           NA
Hold  :           NA  Failing Endpoints,  Worst Slack           NA  ,  Total Violation           NA
PW    :            0  Failing Endpoints,  Worst Slack        1.845ns,  Total Violation        0.000ns
---------------------------------------------------------------------------------------------------


Pulse Width Checks
--------------------------------------------------------------------------------------
Clock Name:         pll_dac_clk_2x
Waveform(ns):       { 0.000 2.000 }
Period(ns):         4.000
Sources:            { pll/pll/CLKOUT2 }

Check Type  Corner  Lib Pin            Reference Pin  Required(ns)  Actual(ns)  Slack(ns)  Location        Pin
Min Period  n/a     BUFG/I             n/a            2.155         4.000       1.845      BUFGCTRL_X0Y5   bufg_dac_clk_2x/I
Max Period  n/a     PLLE2_ADV/CLKOUT2  n/a            160.000       4.000       156.000    PLLE2_ADV_X0Y0  pll/pll/CLKOUT2



---------------------------------------------------------------------------------------------------
From Clock:  pll_pwm_clk
  To Clock:  pll_pwm_clk

Setup :            0  Failing Endpoints,  Worst Slack        0.073ns,  Total Violation        0.000ns
Hold  :            0  Failing Endpoints,  Worst Slack        0.117ns,  Total Violation        0.000ns
PW    :            0  Failing Endpoints,  Worst Slack        1.500ns,  Total Violation        0.000ns
---------------------------------------------------------------------------------------------------


Max Delay Paths
--------------------------------------------------------------------------------------
Slack (MET) :             0.073ns  (required time - arrival time)
  Source:                 pwm[0]/vcnt_reg[4]/C
                            (rising edge-triggered cell FDRE clocked by pll_pwm_clk  {rise@0.000ns fall@2.000ns period=4.000ns})
  Destination:            pwm[0]/bcnt_reg[0]/CE
                            (rising edge-triggered cell FDRE clocked by pll_pwm_clk  {rise@0.000ns fall@2.000ns period=4.000ns})
  Path Group:             pll_pwm_clk
  Path Type:              Setup (Max at Slow Process Corner)
  Requirement:            4.000ns  (pll_pwm_clk rise@4.000ns - pll_pwm_clk rise@0.000ns)
  Data Path Delay:        3.426ns  (logic 1.048ns (30.590%)  route 2.378ns (69.410%))
  Logic Levels:           3  (LUT3=1 LUT5=1 LUT6=1)
  Clock Path Skew:        -0.025ns (DCD - SCD + CPR)
    Destination Clock Delay (DCD):    5.601ns = ( 9.601 - 4.000 ) 
    Source Clock Delay      (SCD):    5.990ns
    Clock Pessimism Removal (CPR):    0.364ns
  Clock Uncertainty:      0.063ns  ((TSJ^2 + DJ^2)^1/2) / 2 + PE
    Total System Jitter     (TSJ):    0.071ns
    Discrete Jitter          (DJ):    0.104ns
    Phase Error              (PE):    0.000ns

    Location             Delay type                Incr(ns)  Path(ns)    Netlist Resource(s)
  -------------------------------------------------------------------    -------------------
                         (clock pll_pwm_clk rise edge)
                                                      0.000     0.000 r  
    U18                                               0.000     0.000 r  adc_clk_p_i (IN)
                         net (fo=0)                   0.000     0.000    adc_clk_p_i
    U18                  IBUFDS (Prop_ibufds_I_O)     0.983     0.983 r  i_clk/O
                         net (fo=1, estimated)        1.306     2.289    pll/clk
    PLLE2_ADV_X0Y0       PLLE2_ADV (Prop_plle2_adv_CLKIN1_CLKOUT5)
                                                      0.089     2.378 r  pll/pll/CLKOUT5
                         net (fo=1, estimated)        1.754     4.132    pll_pwm_clk
    BUFGCTRL_X0Y2        BUFG (Prop_bufg_I_O)         0.101     4.233 r  bufg_pwm_clk/O
                         net (fo=215, estimated)      1.757     5.990    pwm[0]/clk
    SLICE_X42Y45         FDRE                                         r  pwm[0]/vcnt_reg[4]/C
  -------------------------------------------------------------------    -------------------
    SLICE_X42Y45         FDRE (Prop_fdre_C_Q)         0.478     6.468 r  pwm[0]/vcnt_reg[4]/Q
                         net (fo=4, estimated)        0.719     7.187    pwm[0]/vcnt_reg[4]
    SLICE_X42Y45         LUT6 (Prop_lut6_I0_O)        0.296     7.483 f  pwm[0]/b[14]_i_3/O
                         net (fo=8, estimated)        0.451     7.934    pwm[0]/b[14]_i_3_n_0
    SLICE_X41Y46         LUT3 (Prop_lut3_I2_O)        0.124     8.058 r  pwm[0]/bcnt[3]_i_1/O
                         net (fo=1, estimated)        0.849     8.907    pwm[0]/bcnt
    SLICE_X41Y46         LUT5 (Prop_lut5_I4_O)        0.150     9.057 r  pwm[0]/bcnt_reg[0]_CE_cooolgate_en_gate_1457_LOPT_REMAP/O
                         net (fo=4, estimated)        0.359     9.416    pwm[0]/bcnt_reg[0]_CE_cooolgate_en_sig_135
    SLICE_X41Y45         FDRE                                         r  pwm[0]/bcnt_reg[0]/CE
  -------------------------------------------------------------------    -------------------

                         (clock pll_pwm_clk rise edge)
                                                      4.000     4.000 r  
    U18                                               0.000     4.000 r  adc_clk_p_i (IN)
                         net (fo=0)                   0.000     4.000    adc_clk_p_i
    U18                  IBUFDS (Prop_ibufds_I_O)     0.940     4.940 r  i_clk/O
                         net (fo=1, estimated)        1.241     6.181    pll/clk
    PLLE2_ADV_X0Y0       PLLE2_ADV (Prop_plle2_adv_CLKIN1_CLKOUT5)
                                                      0.084     6.265 r  pll/pll/CLKOUT5
                         net (fo=1, estimated)        1.666     7.931    pll_pwm_clk
    BUFGCTRL_X0Y2        BUFG (Prop_bufg_I_O)         0.091     8.022 r  bufg_pwm_clk/O
                         net (fo=215, estimated)      1.579     9.601    pwm[0]/clk
    SLICE_X41Y45         FDRE                                         r  pwm[0]/bcnt_reg[0]/C
                         clock pessimism              0.364     9.965    
                         clock uncertainty           -0.063     9.902    
    SLICE_X41Y45         FDRE (Setup_fdre_C_CE)      -0.413     9.489    pwm[0]/bcnt_reg[0]
  -------------------------------------------------------------------
                         required time                          9.489    
                         arrival time                          -9.416    
  -------------------------------------------------------------------
                         slack                                  0.073    





Min Delay Paths
--------------------------------------------------------------------------------------
Slack (MET) :             0.117ns  (arrival time - required time)
  Source:                 pwm[1]/bcnt_reg[3]/C
                            (rising edge-triggered cell FDRE clocked by pll_pwm_clk  {rise@0.000ns fall@2.000ns period=4.000ns})
  Destination:            pwm[1]/b_reg[5]/D
                            (rising edge-triggered cell FDRE clocked by pll_pwm_clk  {rise@0.000ns fall@2.000ns period=4.000ns})
  Path Group:             pll_pwm_clk
  Path Type:              Hold (Min at Fast Process Corner)
  Requirement:            0.000ns  (pll_pwm_clk rise@0.000ns - pll_pwm_clk rise@0.000ns)
  Data Path Delay:        0.512ns  (logic 0.226ns (44.122%)  route 0.286ns (55.878%))
  Logic Levels:           1  (LUT6=1)
  Clock Path Skew:        0.275ns (DCD - SCD - CPR)
    Destination Clock Delay (DCD):    2.737ns
    Source Clock Delay      (SCD):    2.356ns
    Clock Pessimism Removal (CPR):    0.105ns

    Location             Delay type                Incr(ns)  Path(ns)    Netlist Resource(s)
  -------------------------------------------------------------------    -------------------
                         (clock pll_pwm_clk rise edge)
                                                      0.000     0.000 r  
    U18                                               0.000     0.000 r  adc_clk_p_i (IN)
                         net (fo=0)                   0.000     0.000    adc_clk_p_i
    U18                  IBUFDS (Prop_ibufds_I_O)     0.401     0.401 r  i_clk/O
                         net (fo=1, estimated)        0.551     0.952    pll/clk
    PLLE2_ADV_X0Y0       PLLE2_ADV (Prop_plle2_adv_CLKIN1_CLKOUT5)
                                                      0.051     1.003 r  pll/pll/CLKOUT5
                         net (fo=1, estimated)        0.739     1.742    pll_pwm_clk
    BUFGCTRL_X0Y2        BUFG (Prop_bufg_I_O)         0.026     1.768 r  bufg_pwm_clk/O
                         net (fo=215, estimated)      0.588     2.356    pwm[1]/clk
    SLICE_X43Y51         FDRE                                         r  pwm[1]/bcnt_reg[3]/C
  -------------------------------------------------------------------    -------------------
    SLICE_X43Y51         FDRE (Prop_fdre_C_Q)         0.128     2.484 r  pwm[1]/bcnt_reg[3]/Q
                         net (fo=17, estimated)       0.286     2.771    pwm[1]/bcnt_reg[3]
    SLICE_X42Y44         LUT6 (Prop_lut6_I4_O)        0.098     2.869 r  pwm[1]/b[5]_i_1/O
                         net (fo=1, routed)           0.000     2.869    pwm[1]/p_0_in[5]
    SLICE_X42Y44         FDRE                                         r  pwm[1]/b_reg[5]/D
  -------------------------------------------------------------------    -------------------

                         (clock pll_pwm_clk rise edge)
                                                      0.000     0.000 r  
    U18                                               0.000     0.000 r  adc_clk_p_i (IN)
                         net (fo=0)                   0.000     0.000    adc_clk_p_i
    U18                  IBUFDS (Prop_ibufds_I_O)     0.433     0.433 r  i_clk/O
                         net (fo=1, estimated)        0.579     1.012    pll/clk
    PLLE2_ADV_X0Y0       PLLE2_ADV (Prop_plle2_adv_CLKIN1_CLKOUT5)
                                                      0.054     1.066 r  pll/pll/CLKOUT5
                         net (fo=1, estimated)        0.778     1.845    pll_pwm_clk
    BUFGCTRL_X0Y2        BUFG (Prop_bufg_I_O)         0.029     1.874 r  bufg_pwm_clk/O
                         net (fo=215, estimated)      0.863     2.737    pwm[1]/clk
    SLICE_X42Y44         FDRE                                         r  pwm[1]/b_reg[5]/C
                         clock pessimism             -0.105     2.631    
    SLICE_X42Y44         FDRE (Hold_fdre_C_D)         0.120     2.751    pwm[1]/b_reg[5]
  -------------------------------------------------------------------
                         required time                         -2.751    
                         arrival time                           2.869    
  -------------------------------------------------------------------
                         slack                                  0.117    





Pulse Width Checks
--------------------------------------------------------------------------------------
Clock Name:         pll_pwm_clk
Waveform(ns):       { 0.000 2.000 }
Period(ns):         4.000
Sources:            { pll/pll/CLKOUT5 }

Check Type        Corner  Lib Pin            Reference Pin  Required(ns)  Actual(ns)  Slack(ns)  Location        Pin
Min Period        n/a     BUFG/I             n/a            2.155         4.000       1.845      BUFGCTRL_X0Y2   bufg_pwm_clk/I
Max Period        n/a     PLLE2_ADV/CLKOUT5  n/a            160.000       4.000       156.000    PLLE2_ADV_X0Y0  pll/pll/CLKOUT5
Low Pulse Width   Slow    FDRE/C             n/a            0.500         2.000       1.500      SLICE_X42Y35    pwm_rstn_reg/C
High Pulse Width  Slow    FDRE/C             n/a            0.500         2.000       1.500      SLICE_X42Y35    pwm_rstn_reg/C



---------------------------------------------------------------------------------------------------
From Clock:  clk_fpga_3
  To Clock:  clk_fpga_3

Setup :            0  Failing Endpoints,  Worst Slack        0.075ns,  Total Violation        0.000ns
Hold  :            0  Failing Endpoints,  Worst Slack        0.131ns,  Total Violation        0.000ns
PW    :            0  Failing Endpoints,  Worst Slack        1.000ns,  Total Violation        0.000ns
---------------------------------------------------------------------------------------------------


Max Delay Paths
--------------------------------------------------------------------------------------
Slack (MET) :             0.075ns  (required time - arrival time)
  Source:                 i_ps/system_i/system_i/axi_protocol_converter_0/inst/gen_axilite.gen_b2s_conv.axilite_b2s/SI_REG/ar.ar_pipe/m_payload_i_reg[3]/C
                            (rising edge-triggered cell FDRE clocked by clk_fpga_3  {rise@0.000ns fall@2.500ns period=5.000ns})
  Destination:            i_ps/system_i/system_i/xadc/inst/AXI_XADC_CORE_I/XADC_INST/DADDR[1]
                            (rising edge-triggered cell XADC clocked by clk_fpga_3  {rise@0.000ns fall@2.500ns period=5.000ns})
  Path Group:             clk_fpga_3
  Path Type:              Setup (Max at Slow Process Corner)
  Requirement:            5.000ns  (clk_fpga_3 rise@5.000ns - clk_fpga_3 rise@0.000ns)
  Data Path Delay:        4.026ns  (logic 0.966ns (23.994%)  route 3.060ns (76.006%))
  Logic Levels:           3  (LUT3=2 LUT6=1)
  Clock Path Skew:        -0.117ns (DCD - SCD + CPR)
    Destination Clock Delay (DCD):    2.708ns = ( 7.708 - 5.000 ) 
    Source Clock Delay      (SCD):    3.010ns
    Clock Pessimism Removal (CPR):    0.185ns
  Clock Uncertainty:      0.083ns  ((TSJ^2 + TIJ^2)^1/2 + DJ) / 2 + PE
    Total System Jitter     (TSJ):    0.071ns
    Total Input Jitter      (TIJ):    0.150ns
    Discrete Jitter          (DJ):    0.000ns
    Phase Error              (PE):    0.000ns

    Location             Delay type                Incr(ns)  Path(ns)    Netlist Resource(s)
  -------------------------------------------------------------------    -------------------
                         (clock clk_fpga_3 rise edge)
                                                      0.000     0.000 r  
    PS7_X0Y0             PS7                          0.000     0.000 r  i_ps/system_i/system_i/processing_system7/inst/PS7_i/FCLKCLK[3]
                         net (fo=1, estimated)        1.207     1.207    i_ps/system_i/system_i/processing_system7/inst/FCLK_CLK_unbuffered[3]
    BUFGCTRL_X0Y1        BUFG (Prop_bufg_I_O)         0.101     1.308 r  i_ps/system_i/system_i/processing_system7/inst/buffer_fclk_clk_3.FCLK_CLK_3_BUFG/O
                         net (fo=751, estimated)      1.702     3.010    i_ps/system_i/system_i/axi_protocol_converter_0/inst/gen_axilite.gen_b2s_conv.axilite_b2s/SI_REG/ar.ar_pipe/ACLK
    SLICE_X2Y68          FDRE                                         r  i_ps/system_i/system_i/axi_protocol_converter_0/inst/gen_axilite.gen_b2s_conv.axilite_b2s/SI_REG/ar.ar_pipe/m_payload_i_reg[3]/C
  -------------------------------------------------------------------    -------------------
    SLICE_X2Y68          FDRE (Prop_fdre_C_Q)         0.419     3.429 r  i_ps/system_i/system_i/axi_protocol_converter_0/inst/gen_axilite.gen_b2s_conv.axilite_b2s/SI_REG/ar.ar_pipe/m_payload_i_reg[3]/Q
                         net (fo=11, estimated)       1.015     4.444    i_ps/system_i/system_i/axi_protocol_converter_0/inst/gen_axilite.gen_b2s_conv.axilite_b2s/RD.ar_channel_0/cmd_translator_0/wrap_cmd_0/axaddr[3]
    SLICE_X5Y72          LUT3 (Prop_lut3_I0_O)        0.299     4.743 r  i_ps/system_i/system_i/axi_protocol_converter_0/inst/gen_axilite.gen_b2s_conv.axilite_b2s/RD.ar_channel_0/cmd_translator_0/wrap_cmd_0/cmd_byte_addr[3]_INST_0/O
                         net (fo=1, estimated)        0.570     5.313    i_ps/system_i/system_i/xadc/inst/AXI_LITE_IPIF_I/I_SLAVE_ATTACHMENT/lopt_44
    SLICE_X7Y72          LUT6 (Prop_lut6_I3_O)        0.124     5.437 r  i_ps/system_i/system_i/xadc/inst/AXI_LITE_IPIF_I/I_SLAVE_ATTACHMENT/Bus2IP_Addr[3]_INST_0_LOPT_REMAP/O
                         net (fo=1, estimated)        0.763     6.200    i_ps/system_i/system_i/xadc/inst/AXI_LITE_IPIF_I/I_SLAVE_ATTACHMENT/xlnx_opt_Bus2IP_Addr[3]_1
    SLICE_X7Y72          LUT3 (Prop_lut3_I1_O)        0.124     6.324 r  i_ps/system_i/system_i/xadc/inst/AXI_LITE_IPIF_I/I_SLAVE_ATTACHMENT/Bus2IP_Addr[3]_INST_0_LOPT_REMAP_2/O
                         net (fo=25, estimated)       0.712     7.036    i_ps/system_i/system_i/xadc/inst/AXI_XADC_CORE_I/Bus2IP_Addr[7]
    XADC_X0Y0            XADC                                         r  i_ps/system_i/system_i/xadc/inst/AXI_XADC_CORE_I/XADC_INST/DADDR[1]
  -------------------------------------------------------------------    -------------------

                         (clock clk_fpga_3 rise edge)
                                                      5.000     5.000 r  
    PS7_X0Y0             PS7                          0.000     5.000 r  i_ps/system_i/system_i/processing_system7/inst/PS7_i/FCLKCLK[3]
                         net (fo=1, estimated)        1.147     6.147    i_ps/system_i/system_i/processing_system7/inst/FCLK_CLK_unbuffered[3]
    BUFGCTRL_X0Y1        BUFG (Prop_bufg_I_O)         0.091     6.238 r  i_ps/system_i/system_i/processing_system7/inst/buffer_fclk_clk_3.FCLK_CLK_3_BUFG/O
                         net (fo=751, estimated)      1.470     7.708    i_ps/system_i/system_i/xadc/inst/AXI_XADC_CORE_I/Bus2IP_Clk
    XADC_X0Y0            XADC                                         r  i_ps/system_i/system_i/xadc/inst/AXI_XADC_CORE_I/XADC_INST/DCLK
                         clock pessimism              0.185     7.893    
                         clock uncertainty           -0.083     7.810    
    XADC_X0Y0            XADC (Setup_xadc_DCLK_DADDR[1])
                                                     -0.699     7.111    i_ps/system_i/system_i/xadc/inst/AXI_XADC_CORE_I/XADC_INST
  -------------------------------------------------------------------
                         required time                          7.111    
                         arrival time                          -7.036    
  -------------------------------------------------------------------
                         slack                                  0.075    





Min Delay Paths
--------------------------------------------------------------------------------------
Slack (MET) :             0.131ns  (arrival time - required time)
  Source:                 i_ps/system_i/system_i/axi_protocol_converter_0/inst/gen_axilite.gen_b2s_conv.axilite_b2s/WR.aw_channel_0/s_awid_r_reg[9]/C
                            (rising edge-triggered cell FDRE clocked by clk_fpga_3  {rise@0.000ns fall@2.500ns period=5.000ns})
  Destination:            i_ps/system_i/system_i/axi_protocol_converter_0/inst/gen_axilite.gen_b2s_conv.axilite_b2s/WR.b_channel_0/bid_fifo_0/memory_reg[3][17]_srl4/D
                            (rising edge-triggered cell SRL16E clocked by clk_fpga_3  {rise@0.000ns fall@2.500ns period=5.000ns})
  Path Group:             clk_fpga_3
  Path Type:              Hold (Min at Fast Process Corner)
  Requirement:            0.000ns  (clk_fpga_3 rise@0.000ns - clk_fpga_3 rise@0.000ns)
  Data Path Delay:        0.210ns  (logic 0.128ns (60.895%)  route 0.082ns (39.105%))
  Logic Levels:           0  
  Clock Path Skew:        0.017ns (DCD - SCD - CPR)
    Destination Clock Delay (DCD):    1.412ns
    Source Clock Delay      (SCD):    1.112ns
    Clock Pessimism Removal (CPR):    0.283ns

    Location             Delay type                Incr(ns)  Path(ns)    Netlist Resource(s)
  -------------------------------------------------------------------    -------------------
                         (clock clk_fpga_3 rise edge)
                                                      0.000     0.000 r  
    PS7_X0Y0             PS7                          0.000     0.000 r  i_ps/system_i/system_i/processing_system7/inst/PS7_i/FCLKCLK[3]
                         net (fo=1, estimated)        0.509     0.509    i_ps/system_i/system_i/processing_system7/inst/FCLK_CLK_unbuffered[3]
    BUFGCTRL_X0Y1        BUFG (Prop_bufg_I_O)         0.026     0.535 r  i_ps/system_i/system_i/processing_system7/inst/buffer_fclk_clk_3.FCLK_CLK_3_BUFG/O
                         net (fo=751, estimated)      0.577     1.112    i_ps/system_i/system_i/axi_protocol_converter_0/inst/gen_axilite.gen_b2s_conv.axilite_b2s/WR.aw_channel_0/clk
    SLICE_X1Y59          FDRE                                         r  i_ps/system_i/system_i/axi_protocol_converter_0/inst/gen_axilite.gen_b2s_conv.axilite_b2s/WR.aw_channel_0/s_awid_r_reg[9]/C
  -------------------------------------------------------------------    -------------------
    SLICE_X1Y59          FDRE (Prop_fdre_C_Q)         0.128     1.240 r  i_ps/system_i/system_i/axi_protocol_converter_0/inst/gen_axilite.gen_b2s_conv.axilite_b2s/WR.aw_channel_0/s_awid_r_reg[9]/Q
                         net (fo=1, estimated)        0.082     1.322    i_ps/system_i/system_i/axi_protocol_converter_0/inst/gen_axilite.gen_b2s_conv.axilite_b2s/WR.b_channel_0/bid_fifo_0/din[17]
    SLICE_X0Y59          SRL16E                                       r  i_ps/system_i/system_i/axi_protocol_converter_0/inst/gen_axilite.gen_b2s_conv.axilite_b2s/WR.b_channel_0/bid_fifo_0/memory_reg[3][17]_srl4/D
  -------------------------------------------------------------------    -------------------

                         (clock clk_fpga_3 rise edge)
                                                      0.000     0.000 r  
    PS7_X0Y0             PS7                          0.000     0.000 r  i_ps/system_i/system_i/processing_system7/inst/PS7_i/FCLKCLK[3]
                         net (fo=1, estimated)        0.536     0.536    i_ps/system_i/system_i/processing_system7/inst/FCLK_CLK_unbuffered[3]
    BUFGCTRL_X0Y1        BUFG (Prop_bufg_I_O)         0.029     0.565 r  i_ps/system_i/system_i/processing_system7/inst/buffer_fclk_clk_3.FCLK_CLK_3_BUFG/O
                         net (fo=751, estimated)      0.847     1.412    i_ps/system_i/system_i/axi_protocol_converter_0/inst/gen_axilite.gen_b2s_conv.axilite_b2s/WR.b_channel_0/bid_fifo_0/clk
    SLICE_X0Y59          SRL16E                                       r  i_ps/system_i/system_i/axi_protocol_converter_0/inst/gen_axilite.gen_b2s_conv.axilite_b2s/WR.b_channel_0/bid_fifo_0/memory_reg[3][17]_srl4/CLK
                         clock pessimism             -0.283     1.129    
    SLICE_X0Y59          SRL16E (Hold_srl16e_CLK_D)
                                                      0.062     1.191    i_ps/system_i/system_i/axi_protocol_converter_0/inst/gen_axilite.gen_b2s_conv.axilite_b2s/WR.b_channel_0/bid_fifo_0/memory_reg[3][17]_srl4
  -------------------------------------------------------------------
                         required time                         -1.191    
                         arrival time                           1.322    
  -------------------------------------------------------------------
                         slack                                  0.131    





Pulse Width Checks
--------------------------------------------------------------------------------------
Clock Name:         clk_fpga_3
Waveform(ns):       { 0.000 2.500 }
Period(ns):         5.000
Sources:            { i_ps/system_i/system_i/processing_system7/inst/PS7_i/FCLKCLK[3] }

Check Type        Corner  Lib Pin      Reference Pin  Required(ns)  Actual(ns)  Slack(ns)  Location     Pin
Min Period        n/a     XADC/DCLK    n/a            4.000         5.000       1.000      XADC_X0Y0    i_ps/system_i/system_i/xadc/inst/AXI_XADC_CORE_I/XADC_INST/DCLK
Low Pulse Width   Slow    SRLC32E/CLK  n/a            0.980         2.500       1.520      SLICE_X4Y63  i_ps/system_i/system_i/axi_protocol_converter_0/inst/gen_axilite.gen_b2s_conv.axilite_b2s/RD.r_channel_0/rd_data_fifo_0/memory_reg[31][0]_srl32/CLK
High Pulse Width  Slow    SRLC32E/CLK  n/a            0.980         2.500       1.520      SLICE_X4Y63  i_ps/system_i/system_i/axi_protocol_converter_0/inst/gen_axilite.gen_b2s_conv.axilite_b2s/RD.r_channel_0/rd_data_fifo_0/memory_reg[31][0]_srl32/CLK



---------------------------------------------------------------------------------------------------
From Clock:  adc_clk
  To Clock:  pll_adc_clk

Setup :            0  Failing Endpoints,  Worst Slack        6.064ns,  Total Violation        0.000ns
Hold  :           28  Failing Endpoints,  Worst Slack       -1.762ns,  Total Violation      -47.627ns
---------------------------------------------------------------------------------------------------


Max Delay Paths
--------------------------------------------------------------------------------------
Slack (MET) :             6.064ns  (required time - arrival time)
  Source:                 adc_dat_a_i[7]
                            (input port clocked by adc_clk  {rise@0.000ns fall@4.000ns period=8.000ns})
  Destination:            adc_dat_a_reg[5]/D
                            (rising edge-triggered cell FDRE clocked by pll_adc_clk  {rise@0.000ns fall@4.000ns period=8.000ns})
  Path Group:             pll_adc_clk
  Path Type:              Setup (Max at Fast Process Corner)
  Requirement:            8.000ns  (pll_adc_clk rise@8.000ns - adc_clk rise@0.000ns)
  Data Path Delay:        0.850ns  (logic 0.488ns (57.440%)  route 0.362ns (42.560%))
  Logic Levels:           1  (IBUF=1)
  Input Delay:            3.400ns
  Clock Path Skew:        2.481ns (DCD - SCD + CPR)
    Destination Clock Delay (DCD):    2.481ns = ( 10.481 - 8.000 ) 
    Source Clock Delay      (SCD):    0.000ns
    Clock Pessimism Removal (CPR):    0.000ns
  Clock Uncertainty:      0.166ns  ((TSJ^2 + DJ^2)^1/2) / 2 + PE
    Total System Jitter     (TSJ):    0.071ns
    Discrete Jitter          (DJ):    0.118ns
    Phase Error              (PE):    0.097ns

    Location             Delay type                Incr(ns)  Path(ns)    Netlist Resource(s)
  -------------------------------------------------------------------    -------------------
                         (clock adc_clk rise edge)    0.000     0.000 r  
                         input delay                  3.400     3.400    
    Y14                                               0.000     3.400 r  adc_dat_a_i[7] (IN)
                         net (fo=0)                   0.000     3.400    adc_dat_a_i[7]
    Y14                  IBUF (Prop_ibuf_I_O)         0.488     3.888 r  adc_dat_a_i_IBUF[7]_inst/O
                         net (fo=1, estimated)        0.362     4.250    adc_dat_a_i_IBUF[7]
    ILOGIC_X0Y33         FDRE                                         r  adc_dat_a_reg[5]/D
  -------------------------------------------------------------------    -------------------

                         (clock pll_adc_clk rise edge)
                                                      8.000     8.000 r  
    U18                                               0.000     8.000 r  adc_clk_p_i (IN)
                         net (fo=0)                   0.000     8.000    adc_clk_p_i
    U18                  IBUFDS (Prop_ibufds_I_O)     0.401     8.401 r  i_clk/O
                         net (fo=1, estimated)        0.551     8.952    pll/clk
    PLLE2_ADV_X0Y0       PLLE2_ADV (Prop_plle2_adv_CLKIN1_CLKOUT0)
                                                      0.051     9.003 r  pll/pll/CLKOUT0
                         net (fo=1, estimated)        0.739     9.742    pll_adc_clk
    BUFGCTRL_X0Y0        BUFG (Prop_bufg_I_O)         0.026     9.768 r  bufg_adc_clk/O
                         net (fo=10577, estimated)    0.713    10.481    adc_clk
    ILOGIC_X0Y33         FDRE                                         r  adc_dat_a_reg[5]/C
                         clock pessimism              0.000    10.481    
                         clock uncertainty           -0.166    10.315    
    ILOGIC_X0Y33         FDRE (Setup_fdre_C_D)       -0.002    10.313    adc_dat_a_reg[5]
  -------------------------------------------------------------------
                         required time                         10.313    
                         arrival time                          -4.250    
  -------------------------------------------------------------------
                         slack                                  6.064    





Min Delay Paths
--------------------------------------------------------------------------------------
Slack (VIOLATED) :        -1.762ns  (arrival time - required time)
  Source:                 adc_dat_b_i[3]
                            (input port clocked by adc_clk  {rise@0.000ns fall@4.000ns period=8.000ns})
  Destination:            adc_dat_b_reg[1]/D
                            (rising edge-triggered cell FDRE clocked by pll_adc_clk  {rise@0.000ns fall@4.000ns period=8.000ns})
  Path Group:             pll_adc_clk
  Path Type:              Hold (Min at Slow Process Corner)
  Requirement:            0.000ns  (pll_adc_clk rise@0.000ns - adc_clk rise@0.000ns)
  Data Path Delay:        1.579ns  (logic 0.805ns (50.978%)  route 0.774ns (49.022%))
  Logic Levels:           1  (IBUF=1)
  Input Delay:            3.400ns
  Clock Path Skew:        6.384ns (DCD - SCD - CPR)
    Destination Clock Delay (DCD):    6.384ns
    Source Clock Delay      (SCD):    0.000ns
    Clock Pessimism Removal (CPR):    -0.000ns
  Clock Uncertainty:      0.166ns  ((TSJ^2 + DJ^2)^1/2) / 2 + PE
    Total System Jitter     (TSJ):    0.071ns
    Discrete Jitter          (DJ):    0.118ns
    Phase Error              (PE):    0.097ns

    Location             Delay type                Incr(ns)  Path(ns)    Netlist Resource(s)
  -------------------------------------------------------------------    -------------------
                         (clock adc_clk rise edge)    0.000     0.000 r  
                         input delay                  3.400     3.400    
    P16                                               0.000     3.400 r  adc_dat_b_i[3] (IN)
                         net (fo=0)                   0.000     3.400    adc_dat_b_i[3]
    P16                  IBUF (Prop_ibuf_I_O)         0.805     4.205 r  adc_dat_b_i_IBUF[3]_inst/O
                         net (fo=1, estimated)        0.774     4.979    adc_dat_b_i_IBUF[3]
    ILOGIC_X0Y1          FDRE                                         r  adc_dat_b_reg[1]/D
  -------------------------------------------------------------------    -------------------

                         (clock pll_adc_clk rise edge)
                                                      0.000     0.000 r  
    U18                                               0.000     0.000 r  adc_clk_p_i (IN)
                         net (fo=0)                   0.000     0.000    adc_clk_p_i
    U18                  IBUFDS (Prop_ibufds_I_O)     0.983     0.983 r  i_clk/O
                         net (fo=1, estimated)        1.306     2.289    pll/clk
    PLLE2_ADV_X0Y0       PLLE2_ADV (Prop_plle2_adv_CLKIN1_CLKOUT0)
                                                      0.089     2.378 r  pll/pll/CLKOUT0
                         net (fo=1, estimated)        1.754     4.132    pll_adc_clk
    BUFGCTRL_X0Y0        BUFG (Prop_bufg_I_O)         0.101     4.233 r  bufg_adc_clk/O
                         net (fo=10577, estimated)    2.151     6.384    adc_clk
    ILOGIC_X0Y1          FDRE                                         r  adc_dat_b_reg[1]/C
                         clock pessimism              0.000     6.384    
                         clock uncertainty            0.166     6.550    
    ILOGIC_X0Y1          FDRE (Hold_fdre_C_D)         0.191     6.741    adc_dat_b_reg[1]
  -------------------------------------------------------------------
                         required time                         -6.741    
                         arrival time                           4.979    
  -------------------------------------------------------------------
                         slack                                 -1.762    





---------------------------------------------------------------------------------------------------
From Clock:  pll_adc_clk
  To Clock:  pll_dac_clk_1x

Setup :            0  Failing Endpoints,  Worst Slack        3.341ns,  Total Violation        0.000ns
Hold  :            0  Failing Endpoints,  Worst Slack        0.270ns,  Total Violation        0.000ns
---------------------------------------------------------------------------------------------------


Max Delay Paths
--------------------------------------------------------------------------------------
Slack (MET) :             3.341ns  (required time - arrival time)
  Source:                 i_dsp/sum1_reg[14]/C
                            (rising edge-triggered cell FDRE clocked by pll_adc_clk  {rise@0.000ns fall@4.000ns period=8.000ns})
  Destination:            dac_dat_a_reg[0]/D
                            (rising edge-triggered cell FDRE clocked by pll_dac_clk_1x  {rise@0.000ns fall@4.000ns period=8.000ns})
  Path Group:             pll_dac_clk_1x
  Path Type:              Setup (Max at Slow Process Corner)
  Requirement:            8.000ns  (pll_dac_clk_1x rise@8.000ns - pll_adc_clk rise@0.000ns)
  Data Path Delay:        4.096ns  (logic 0.715ns (17.456%)  route 3.381ns (82.544%))
  Logic Levels:           1  (LUT6=1)
  Clock Path Skew:        -0.307ns (DCD - SCD + CPR)
    Destination Clock Delay (DCD):    5.569ns = ( 13.569 - 8.000 ) 
    Source Clock Delay      (SCD):    5.989ns
    Clock Pessimism Removal (CPR):    0.113ns
  Clock Uncertainty:      0.189ns  ((TSJ^2 + DJ^2)^1/2) / 2 + PE
    Total System Jitter     (TSJ):    0.071ns
    Discrete Jitter          (DJ):    0.118ns
    Phase Error              (PE):    0.120ns

    Location             Delay type                Incr(ns)  Path(ns)    Netlist Resource(s)
  -------------------------------------------------------------------    -------------------
                         (clock pll_adc_clk rise edge)
                                                      0.000     0.000 r  
    U18                                               0.000     0.000 r  adc_clk_p_i (IN)
                         net (fo=0)                   0.000     0.000    adc_clk_p_i
    U18                  IBUFDS (Prop_ibufds_I_O)     0.983     0.983 r  i_clk/O
                         net (fo=1, estimated)        1.306     2.289    pll/clk
    PLLE2_ADV_X0Y0       PLLE2_ADV (Prop_plle2_adv_CLKIN1_CLKOUT0)
                                                      0.089     2.378 r  pll/pll/CLKOUT0
                         net (fo=1, estimated)        1.754     4.132    pll_adc_clk
    BUFGCTRL_X0Y0        BUFG (Prop_bufg_I_O)         0.101     4.233 r  bufg_adc_clk/O
                         net (fo=10577, estimated)    1.756     5.989    i_dsp/clk_i
    SLICE_X36Y49         FDRE                                         r  i_dsp/sum1_reg[14]/C
  -------------------------------------------------------------------    -------------------
    SLICE_X36Y49         FDRE (Prop_fdre_C_Q)         0.419     6.408 f  i_dsp/sum1_reg[14]/Q
                         net (fo=14, estimated)       1.545     7.953    i_dsp/dac_saturate[0]/input_i[14]
    SLICE_X31Y38         LUT6 (Prop_lut6_I1_O)        0.296     8.249 r  i_dsp/dac_saturate[0]/output_o[0]_INST_0/O
                         net (fo=13, estimated)       1.836    10.085    dac_dat_a[0]_i_1_n_0
    SLICE_X43Y73         FDRE                                         r  dac_dat_a_reg[0]/D
  -------------------------------------------------------------------    -------------------

                         (clock pll_dac_clk_1x rise edge)
                                                      8.000     8.000 r  
    U18                                               0.000     8.000 r  adc_clk_p_i (IN)
                         net (fo=0)                   0.000     8.000    adc_clk_p_i
    U18                  IBUFDS (Prop_ibufds_I_O)     0.940     8.940 r  i_clk/O
                         net (fo=1, estimated)        1.241    10.181    pll/clk
    PLLE2_ADV_X0Y0       PLLE2_ADV (Prop_plle2_adv_CLKIN1_CLKOUT1)
                                                      0.084    10.265 r  pll/pll/CLKOUT1
                         net (fo=1, estimated)        1.666    11.931    pll_dac_clk_1x
    BUFGCTRL_X0Y3        BUFG (Prop_bufg_I_O)         0.091    12.022 r  bufg_dac_clk_1x/O
                         net (fo=45, estimated)       1.547    13.569    dac_clk_1x
    SLICE_X43Y73         FDRE                                         r  dac_dat_a_reg[0]/C
                         clock pessimism              0.113    13.682    
                         clock uncertainty           -0.189    13.494    
    SLICE_X43Y73         FDRE (Setup_fdre_C_D)       -0.067    13.427    dac_dat_a_reg[0]
  -------------------------------------------------------------------
                         required time                         13.427    
                         arrival time                         -10.085    
  -------------------------------------------------------------------
                         slack                                  3.341    





Min Delay Paths
--------------------------------------------------------------------------------------
Slack (MET) :             0.270ns  (arrival time - required time)
  Source:                 i_dsp/sum1_reg[17]/C
                            (rising edge-triggered cell FDRE clocked by pll_adc_clk  {rise@0.000ns fall@4.000ns period=8.000ns})
  Destination:            dac_dat_a_reg[7]/D
                            (rising edge-triggered cell FDRE clocked by pll_dac_clk_1x  {rise@0.000ns fall@4.000ns period=8.000ns})
  Path Group:             pll_dac_clk_1x
  Path Type:              Hold (Min at Fast Process Corner)
  Requirement:            0.000ns  (pll_dac_clk_1x rise@0.000ns - pll_adc_clk rise@0.000ns)
  Data Path Delay:        0.827ns  (logic 0.226ns (27.325%)  route 0.601ns (72.675%))
  Logic Levels:           1  (LUT6=1)
  Clock Path Skew:        0.309ns (DCD - SCD - CPR)
    Destination Clock Delay (DCD):    2.727ns
    Source Clock Delay      (SCD):    2.354ns
    Clock Pessimism Removal (CPR):    0.063ns
  Clock Uncertainty:      0.189ns  ((TSJ^2 + DJ^2)^1/2) / 2 + PE
    Total System Jitter     (TSJ):    0.071ns
    Discrete Jitter          (DJ):    0.118ns
    Phase Error              (PE):    0.120ns

    Location             Delay type                Incr(ns)  Path(ns)    Netlist Resource(s)
  -------------------------------------------------------------------    -------------------
                         (clock pll_adc_clk rise edge)
                                                      0.000     0.000 r  
    U18                                               0.000     0.000 r  adc_clk_p_i (IN)
                         net (fo=0)                   0.000     0.000    adc_clk_p_i
    U18                  IBUFDS (Prop_ibufds_I_O)     0.401     0.401 r  i_clk/O
                         net (fo=1, estimated)        0.551     0.952    pll/clk
    PLLE2_ADV_X0Y0       PLLE2_ADV (Prop_plle2_adv_CLKIN1_CLKOUT0)
                                                      0.051     1.003 r  pll/pll/CLKOUT0
                         net (fo=1, estimated)        0.739     1.742    pll_adc_clk
    BUFGCTRL_X0Y0        BUFG (Prop_bufg_I_O)         0.026     1.768 r  bufg_adc_clk/O
                         net (fo=10577, estimated)    0.586     2.354    i_dsp/clk_i
    SLICE_X37Y50         FDRE                                         r  i_dsp/sum1_reg[17]/C
  -------------------------------------------------------------------    -------------------
    SLICE_X37Y50         FDRE (Prop_fdre_C_Q)         0.128     2.482 r  i_dsp/sum1_reg[17]/Q
                         net (fo=29, estimated)       0.212     2.694    i_dsp/dac_saturate[0]/input_i[17]
    SLICE_X39Y50         LUT6 (Prop_lut6_I5_O)        0.098     2.792 r  i_dsp/dac_saturate[0]/output_o[7]_INST_0/O
                         net (fo=15, estimated)       0.389     3.181    dac_dat_a[7]_i_1_n_0
    SLICE_X42Y64         FDRE                                         r  dac_dat_a_reg[7]/D
  -------------------------------------------------------------------    -------------------

                         (clock pll_dac_clk_1x rise edge)
                                                      0.000     0.000 r  
    U18                                               0.000     0.000 r  adc_clk_p_i (IN)
                         net (fo=0)                   0.000     0.000    adc_clk_p_i
    U18                  IBUFDS (Prop_ibufds_I_O)     0.433     0.433 r  i_clk/O
                         net (fo=1, estimated)        0.579     1.012    pll/clk
    PLLE2_ADV_X0Y0       PLLE2_ADV (Prop_plle2_adv_CLKIN1_CLKOUT1)
                                                      0.054     1.066 r  pll/pll/CLKOUT1
                         net (fo=1, estimated)        0.778     1.845    pll_dac_clk_1x
    BUFGCTRL_X0Y3        BUFG (Prop_bufg_I_O)         0.029     1.874 r  bufg_dac_clk_1x/O
                         net (fo=45, estimated)       0.853     2.727    dac_clk_1x
    SLICE_X42Y64         FDRE                                         r  dac_dat_a_reg[7]/C
                         clock pessimism             -0.063     2.663    
                         clock uncertainty            0.189     2.852    
    SLICE_X42Y64         FDRE (Hold_fdre_C_D)         0.059     2.911    dac_dat_a_reg[7]
  -------------------------------------------------------------------
                         required time                         -2.911    
                         arrival time                           3.181    
  -------------------------------------------------------------------
                         slack                                  0.270    





---------------------------------------------------------------------------------------------------
From Clock:  pll_adc_clk
  To Clock:  pll_pwm_clk

Setup :            0  Failing Endpoints,  Worst Slack        1.211ns,  Total Violation        0.000ns
Hold  :           90  Failing Endpoints,  Worst Slack       -0.311ns,  Total Violation      -15.948ns
---------------------------------------------------------------------------------------------------


Max Delay Paths
--------------------------------------------------------------------------------------
Slack (MET) :             1.211ns  (required time - arrival time)
  Source:                 i_ams/dac_c_o_reg[15]/C
                            (rising edge-triggered cell FDRE clocked by pll_adc_clk  {rise@0.000ns fall@4.000ns period=8.000ns})
  Destination:            pwm[2]/b_reg[15]/D
                            (rising edge-triggered cell FDRE clocked by pll_pwm_clk  {rise@0.000ns fall@2.000ns period=4.000ns})
  Path Group:             pll_pwm_clk
  Path Type:              Setup (Max at Slow Process Corner)
  Requirement:            4.000ns  (pll_pwm_clk rise@4.000ns - pll_adc_clk rise@0.000ns)
  Data Path Delay:        2.276ns  (logic 0.642ns (28.207%)  route 1.634ns (71.793%))
  Logic Levels:           1  (LUT5=1)
  Clock Path Skew:        -0.277ns (DCD - SCD + CPR)
    Destination Clock Delay (DCD):    5.595ns = ( 9.595 - 4.000 ) 
    Source Clock Delay      (SCD):    5.985ns
    Clock Pessimism Removal (CPR):    0.113ns
  Clock Uncertainty:      0.189ns  ((TSJ^2 + DJ^2)^1/2) / 2 + PE
    Total System Jitter     (TSJ):    0.071ns
    Discrete Jitter          (DJ):    0.118ns
    Phase Error              (PE):    0.120ns

    Location             Delay type                Incr(ns)  Path(ns)    Netlist Resource(s)
  -------------------------------------------------------------------    -------------------
                         (clock pll_adc_clk rise edge)
                                                      0.000     0.000 r  
    U18                                               0.000     0.000 r  adc_clk_p_i (IN)
                         net (fo=0)                   0.000     0.000    adc_clk_p_i
    U18                  IBUFDS (Prop_ibufds_I_O)     0.983     0.983 r  i_clk/O
                         net (fo=1, estimated)        1.306     2.289    pll/clk
    PLLE2_ADV_X0Y0       PLLE2_ADV (Prop_plle2_adv_CLKIN1_CLKOUT0)
                                                      0.089     2.378 r  pll/pll/CLKOUT0
                         net (fo=1, estimated)        1.754     4.132    pll_adc_clk
    BUFGCTRL_X0Y0        BUFG (Prop_bufg_I_O)         0.101     4.233 r  bufg_adc_clk/O
                         net (fo=10577, estimated)    1.752     5.985    i_ams/clk_i
    SLICE_X38Y38         FDRE                                         r  i_ams/dac_c_o_reg[15]/C
  -------------------------------------------------------------------    -------------------
    SLICE_X38Y38         FDRE (Prop_fdre_C_Q)         0.518     6.503 r  i_ams/dac_c_o_reg[15]/Q
                         net (fo=2, estimated)        1.163     7.666    pwm[2]/cfg[15]
    SLICE_X43Y34         LUT5 (Prop_lut5_I0_O)        0.124     7.790 r  pwm[2]/b[15]_i_2/O
                         net (fo=1, estimated)        0.471     8.261    pwm[2]/p_0_in[15]
    SLICE_X43Y34         FDRE                                         r  pwm[2]/b_reg[15]/D
  -------------------------------------------------------------------    -------------------

                         (clock pll_pwm_clk rise edge)
                                                      4.000     4.000 r  
    U18                                               0.000     4.000 r  adc_clk_p_i (IN)
                         net (fo=0)                   0.000     4.000    adc_clk_p_i
    U18                  IBUFDS (Prop_ibufds_I_O)     0.940     4.940 r  i_clk/O
                         net (fo=1, estimated)        1.241     6.181    pll/clk
    PLLE2_ADV_X0Y0       PLLE2_ADV (Prop_plle2_adv_CLKIN1_CLKOUT5)
                                                      0.084     6.265 r  pll/pll/CLKOUT5
                         net (fo=1, estimated)        1.666     7.931    pll_pwm_clk
    BUFGCTRL_X0Y2        BUFG (Prop_bufg_I_O)         0.091     8.022 r  bufg_pwm_clk/O
                         net (fo=215, estimated)      1.573     9.595    pwm[2]/clk
    SLICE_X43Y34         FDRE                                         r  pwm[2]/b_reg[15]/C
                         clock pessimism              0.113     9.708    
                         clock uncertainty           -0.189     9.520    
    SLICE_X43Y34         FDRE (Setup_fdre_C_D)       -0.047     9.473    pwm[2]/b_reg[15]
  -------------------------------------------------------------------
                         required time                          9.473    
                         arrival time                          -8.261    
  -------------------------------------------------------------------
                         slack                                  1.211    





Min Delay Paths
--------------------------------------------------------------------------------------
Slack (VIOLATED) :        -0.311ns  (arrival time - required time)
  Source:                 i_ams/dac_c_o_reg[1]/C
                            (rising edge-triggered cell FDRE clocked by pll_adc_clk  {rise@0.000ns fall@4.000ns period=8.000ns})
  Destination:            pwm[2]/b_reg[1]/D
                            (rising edge-triggered cell FDRE clocked by pll_pwm_clk  {rise@0.000ns fall@2.000ns period=4.000ns})
  Path Group:             pll_pwm_clk
  Path Type:              Hold (Min at Fast Process Corner)
  Requirement:            0.000ns  (pll_pwm_clk rise@0.000ns - pll_adc_clk rise@0.000ns)
  Data Path Delay:        0.280ns  (logic 0.209ns (74.692%)  route 0.071ns (25.308%))
  Logic Levels:           1  (LUT6=1)
  Clock Path Skew:        0.311ns (DCD - SCD - CPR)
    Destination Clock Delay (DCD):    2.734ns
    Source Clock Delay      (SCD):    2.359ns
    Clock Pessimism Removal (CPR):    0.063ns
  Clock Uncertainty:      0.189ns  ((TSJ^2 + DJ^2)^1/2) / 2 + PE
    Total System Jitter     (TSJ):    0.071ns
    Discrete Jitter          (DJ):    0.118ns
    Phase Error              (PE):    0.120ns

    Location             Delay type                Incr(ns)  Path(ns)    Netlist Resource(s)
  -------------------------------------------------------------------    -------------------
                         (clock pll_adc_clk rise edge)
                                                      0.000     0.000 r  
    U18                                               0.000     0.000 r  adc_clk_p_i (IN)
                         net (fo=0)                   0.000     0.000    adc_clk_p_i
    U18                  IBUFDS (Prop_ibufds_I_O)     0.401     0.401 r  i_clk/O
                         net (fo=1, estimated)        0.551     0.952    pll/clk
    PLLE2_ADV_X0Y0       PLLE2_ADV (Prop_plle2_adv_CLKIN1_CLKOUT0)
                                                      0.051     1.003 r  pll/pll/CLKOUT0
                         net (fo=1, estimated)        0.739     1.742    pll_adc_clk
    BUFGCTRL_X0Y0        BUFG (Prop_bufg_I_O)         0.026     1.768 r  bufg_adc_clk/O
                         net (fo=10577, estimated)    0.591     2.359    i_ams/clk_i
    SLICE_X42Y39         FDRE                                         r  i_ams/dac_c_o_reg[1]/C
  -------------------------------------------------------------------    -------------------
    SLICE_X42Y39         FDRE (Prop_fdre_C_Q)         0.164     2.523 r  i_ams/dac_c_o_reg[1]/Q
                         net (fo=2, estimated)        0.071     2.594    pwm[2]/cfg[1]
    SLICE_X43Y39         LUT6 (Prop_lut6_I5_O)        0.045     2.639 r  pwm[2]/b[1]_i_1/O
                         net (fo=1, routed)           0.000     2.639    pwm[2]/p_0_in[1]
    SLICE_X43Y39         FDRE                                         r  pwm[2]/b_reg[1]/D
  -------------------------------------------------------------------    -------------------

                         (clock pll_pwm_clk rise edge)
                                                      0.000     0.000 r  
    U18                                               0.000     0.000 r  adc_clk_p_i (IN)
                         net (fo=0)                   0.000     0.000    adc_clk_p_i
    U18                  IBUFDS (Prop_ibufds_I_O)     0.433     0.433 r  i_clk/O
                         net (fo=1, estimated)        0.579     1.012    pll/clk
    PLLE2_ADV_X0Y0       PLLE2_ADV (Prop_plle2_adv_CLKIN1_CLKOUT5)
                                                      0.054     1.066 r  pll/pll/CLKOUT5
                         net (fo=1, estimated)        0.778     1.845    pll_pwm_clk
    BUFGCTRL_X0Y2        BUFG (Prop_bufg_I_O)         0.029     1.874 r  bufg_pwm_clk/O
                         net (fo=215, estimated)      0.860     2.734    pwm[2]/clk
    SLICE_X43Y39         FDRE                                         r  pwm[2]/b_reg[1]/C
                         clock pessimism             -0.063     2.670    
                         clock uncertainty            0.189     2.859    
    SLICE_X43Y39         FDRE (Hold_fdre_C_D)         0.091     2.950    pwm[2]/b_reg[1]
  -------------------------------------------------------------------
                         required time                         -2.950    
                         arrival time                           2.639    
  -------------------------------------------------------------------
                         slack                                 -0.311    





