Copyright 1986-2022 Xilinx, Inc. All Rights Reserved. Copyright 2022-2024 Advanced Micro Devices, Inc. All Rights Reserved.
---------------------------------------------------------------------------------------------------------------------------------------------
| Tool Version : Vivado v.2024.2 (win64) Build 5239630 Fri Nov 08 22:35:27 MST 2024
| Date         : Mon Aug 24 15:26:31 2026
| Host         : PCLDY-ESGT-419 running 64-bit major release  (build 9200)
| Command      : report_timing -file out/post_route_timing.rpt -sort_by group -max_paths 100 -path_type summary
| Design       : red_pitaya_top
| Device       : 7z010-clg400
| Speed File   : -1  PRODUCTION 1.12 2019-11-22
| Design State : Routed
---------------------------------------------------------------------------------------------------------------------------------------------

Timing Report

Startpoint                     Endpoint                       Slack(ns)     
----------------------------------------------------------------------------
i_dsp/genblk4[4].iir/a2_reg[23]/C
                               i_dsp/genblk4[4].iir/overflow_i_reg_reg[1]/D
                                                              -2.653        
i_dsp/genblk4[4].iir/a2_reg[23]/C
                               i_dsp/genblk4[4].iir/p_ay2_reg[14]/D
                                                              -2.502        
i_dsp/genblk4[4].iir/b0_reg[0]/C
                               i_dsp/genblk4[4].iir/p_bx0_reg[22]/D
                                                              -2.487        
i_dsp/genblk4[4].iir/b1_reg[23]/C
                               i_dsp/genblk4[4].iir/p_bx1_reg[15]/D
                                                              -2.470        
i_dsp/genblk4[4].iir/a1_reg[0]/C
                               i_dsp/genblk4[4].iir/p_ay1_reg[15]/D
                                                              -2.469        
i_dsp/genblk4[4].iir/a1_reg[0]/C
                               i_dsp/genblk4[4].iir/p_ay1_reg[12]/D
                                                              -2.461        
i_dsp/genblk4[4].iir/a1_reg[0]/C
                               i_dsp/genblk4[4].iir/p_ay1_reg[17]/D
                                                              -2.435        
i_dsp/genblk4[4].iir/a2_reg[23]/C
                               i_dsp/genblk4[4].iir/p_ay2_reg[6]/D
                                                              -2.405        
i_dsp/genblk4[4].iir/a2_reg[23]/C
                               i_dsp/genblk4[4].iir/p_ay2_reg[7]/D
                                                              -2.403        
i_dsp/genblk4[4].iir/a2_reg[23]/C
                               i_dsp/genblk4[4].iir/p_ay2_reg[0]/D
                                                              -2.403        
i_dsp/genblk4[4].iir/a2_reg[23]/C
                               i_dsp/genblk4[4].iir/p_ay2_reg[20]/D
                                                              -2.401        
i_dsp/genblk4[4].iir/a2_reg[23]/C
                               i_dsp/genblk4[4].iir/p_ay2_reg[3]/D
                                                              -2.398        
i_dsp/genblk4[4].iir/a2_reg[23]/C
                               i_dsp/genblk4[4].iir/p_ay2_reg[2]/D
                                                              -2.397        
i_dsp/genblk4[4].iir/a2_reg[23]/C
                               i_dsp/genblk4[4].iir/p_ay2_reg[11]/D
                                                              -2.392        
i_dsp/genblk4[4].iir/a1_reg[0]/C
                               i_dsp/genblk4[4].iir/p_ay1_reg[7]/D
                                                              -2.388        
i_dsp/genblk4[4].iir/a2_reg[23]/C
                               i_dsp/genblk4[4].iir/p_ay2_reg[10]/D
                                                              -2.374        
i_dsp/genblk4[4].iir/a1_reg[0]/C
                               i_dsp/genblk4[4].iir/p_ay1_reg[5]/D
                                                              -2.374        
i_dsp/genblk4[4].iir/a1_reg[0]/C
                               i_dsp/genblk4[4].iir/p_ay1_reg[13]/D
                                                              -2.373        
i_dsp/genblk4[4].iir/a2_reg[23]/C
                               i_dsp/genblk4[4].iir/p_ay2_reg[18]/D
                                                              -2.372        
i_dsp/genblk4[4].iir/b0_reg[0]/C
                               i_dsp/genblk4[4].iir/p_bx0_reg[13]/D
                                                              -2.371        
i_dsp/genblk4[4].iir/a2_reg[23]/C
                               i_dsp/genblk4[4].iir/p_ay2_reg[1]/D
                                                              -2.368        
i_dsp/genblk4[4].iir/b1_reg[23]/C
                               i_dsp/genblk4[4].iir/p_bx1_reg[2]/D
                                                              -2.363        
i_dsp/genblk4[4].iir/b1_reg[23]/C
                               i_dsp/genblk4[4].iir/p_bx1_reg[6]/D
                                                              -2.357        
i_dsp/genblk4[4].iir/a2_reg[23]/C
                               i_dsp/genblk4[4].iir/p_ay2_reg[15]/D
                                                              -2.356        
i_dsp/genblk4[4].iir/a2_reg[23]/C
                               i_dsp/genblk4[4].iir/p_ay2_reg[16]/D
                                                              -2.353        
i_dsp/genblk4[4].iir/a1_reg[0]/C
                               i_dsp/genblk4[4].iir/p_ay1_reg[20]/D
                                                              -2.349        
i_dsp/genblk4[4].iir/a1_reg[0]/C
                               i_dsp/genblk4[4].iir/p_ay1_reg[21]/D
                                                              -2.347        
i_dsp/genblk4[4].iir/b1_reg[23]/C
                               i_dsp/genblk4[4].iir/p_bx1_reg[20]/D
                                                              -2.342        
i_dsp/genblk4[4].iir/b0_reg[23]/C
                               i_dsp/genblk4[4].iir/p_bx0_reg[11]/D
                                                              -2.339        
i_dsp/genblk4[4].iir/a1_reg[0]/C
                               i_dsp/genblk4[4].iir/p_ay1_reg[10]/D
                                                              -2.333        
i_dsp/genblk4[4].iir/b0_reg[0]/C
                               i_dsp/genblk4[4].iir/p_bx0_reg[6]/D
                                                              -2.333        
i_dsp/genblk4[4].iir/a2_reg[23]/C
                               i_dsp/genblk4[4].iir/p_ay2_reg[12]/D
                                                              -2.331        
i_dsp/genblk4[4].iir/a2_reg[23]/C
                               i_dsp/genblk4[4].iir/p_ay2_reg[13]/D
                                                              -2.330        
i_dsp/genblk4[4].iir/a1_reg[0]/C
                               i_dsp/genblk4[4].iir/p_ay1_reg[16]/D
                                                              -2.327        
i_dsp/genblk4[4].iir/b0_reg[23]/C
                               i_dsp/genblk4[4].iir/p_bx0_reg[12]/D
                                                              -2.325        
i_dsp/genblk4[4].iir/a1_reg[0]/C
                               i_dsp/genblk4[4].iir/overflow_i_reg_reg[0]/D
                                                              -2.318        
i_dsp/genblk4[4].iir/a2_reg[23]/C
                               i_dsp/genblk4[4].iir/p_ay2_reg[5]/D
                                                              -2.316        
i_dsp/genblk4[4].iir/b0_reg[23]/C
                               i_dsp/genblk4[4].iir/p_bx0_reg[8]/D
                                                              -2.314        
i_dsp/genblk4[4].iir/a1_reg[0]/C
                               i_dsp/genblk4[4].iir/p_ay1_reg[19]/D
                                                              -2.314        
i_dsp/genblk4[4].iir/a2_reg[23]/C
                               i_dsp/genblk4[4].iir/p_ay2_reg[9]/D
                                                              -2.312        
i_dsp/genblk4[4].iir/b0_reg[0]/C
                               i_dsp/genblk4[4].iir/p_bx0_reg[17]/D
                                                              -2.310        
i_dsp/genblk4[4].iir/b0_reg[0]/C
                               i_dsp/genblk4[4].iir/p_bx0_reg[5]/D
                                                              -2.307        
i_dsp/genblk4[4].iir/b1_reg[23]/C
                               i_dsp/genblk4[4].iir/p_bx1_reg[22]/D
                                                              -2.304        
i_dsp/genblk4[4].iir/a2_reg[23]/C
                               i_dsp/genblk4[4].iir/p_ay2_reg[8]/D
                                                              -2.295        
i_dsp/genblk4[4].iir/b0_reg[0]/C
                               i_dsp/genblk4[4].iir/overflow_i_reg_reg[3]/D
                                                              -2.295        
i_dsp/genblk4[4].iir/b0_reg[23]/C
                               i_dsp/genblk4[4].iir/p_bx0_reg[9]/D
                                                              -2.289        
i_dsp/genblk4[4].iir/b0_reg[0]/C
                               i_dsp/genblk4[4].iir/p_bx0_reg[19]/D
                                                              -2.287        
i_dsp/genblk4[4].iir/b0_reg[0]/C
                               i_dsp/genblk4[4].iir/p_bx0_reg[16]/D
                                                              -2.285        
i_dsp/genblk4[4].iir/b0_reg[23]/C
                               i_dsp/genblk4[4].iir/p_bx0_reg[3]/D
                                                              -2.281        
i_dsp/genblk4[4].iir/a1_reg[0]/C
                               i_dsp/genblk4[4].iir/p_ay1_reg[22]/D
                                                              -2.279        
i_dsp/genblk4[4].iir/b0_reg[23]/C
                               i_dsp/genblk4[4].iir/p_bx0_reg[10]/D
                                                              -2.279        
i_dsp/genblk4[4].iir/a1_reg[0]/C
                               i_dsp/genblk4[4].iir/p_ay1_reg[18]/D
                                                              -2.277        
i_dsp/genblk4[4].iir/a1_reg[0]/C
                               i_dsp/genblk4[4].iir/p_ay1_reg[8]/D
                                                              -2.276        
i_dsp/genblk4[4].iir/b0_reg[23]/C
                               i_dsp/genblk4[4].iir/p_bx0_reg[7]/D
                                                              -2.272        
i_dsp/genblk4[4].iir/a1_reg[0]/C
                               i_dsp/genblk4[4].iir/p_ay1_reg[14]/D
                                                              -2.254        
i_dsp/genblk4[4].iir/a2_reg[23]/C
                               i_dsp/genblk4[4].iir/p_ay2_reg[21]/D
                                                              -2.253        
i_dsp/genblk4[4].iir/a2_reg[23]/C
                               i_dsp/genblk4[4].iir/p_ay2_reg[19]/D
                                                              -2.250        
i_dsp/genblk4[4].iir/a1_reg[0]/C
                               i_dsp/genblk4[4].iir/p_ay1_reg[11]/D
                                                              -2.248        
i_dsp/genblk4[4].iir/a1_reg[0]/C
                               i_dsp/genblk4[4].iir/p_ay1_reg[0]/D
                                                              -2.245        
i_dsp/genblk4[4].iir/a2_reg[23]/C
                               i_dsp/genblk4[4].iir/p_ay2_reg[22]/D
                                                              -2.244        
i_dsp/genblk4[4].iir/a1_reg[0]/C
                               i_dsp/genblk4[4].iir/p_ay1_reg[9]/D
                                                              -2.239        
i_dsp/genblk4[4].iir/a2_reg[23]/C
                               i_dsp/genblk4[4].iir/p_ay2_reg[4]/D
                                                              -2.238        
i_dsp/genblk4[4].iir/a1_reg[0]/C
                               i_dsp/genblk4[4].iir/p_ay1_reg[2]/D
                                                              -2.234        
i_dsp/genblk4[4].iir/b1_reg[23]/C
                               i_dsp/genblk4[4].iir/p_bx1_reg[16]/D
                                                              -2.229        
i_dsp/genblk4[4].iir/b1_reg[23]/C
                               i_dsp/genblk4[4].iir/p_bx1_reg[1]/D
                                                              -2.228        
i_dsp/genblk4[4].iir/b1_reg[23]/C
                               i_dsp/genblk4[4].iir/overflow_i_reg_reg[4]/D
                                                              -2.224        
i_dsp/genblk4[4].iir/a2_reg[23]/C
                               i_dsp/genblk4[4].iir/p_ay2_reg[17]/D
                                                              -2.224        
i_dsp/genblk4[4].iir/a1_reg[0]/C
                               i_dsp/genblk4[4].iir/p_ay1_reg[3]/D
                                                              -2.222        
i_dsp/genblk4[4].iir/b1_reg[23]/C
                               i_dsp/genblk4[4].iir/p_bx1_reg[4]/D
                                                              -2.211        
i_dsp/genblk4[4].iir/a1_reg[0]/C
                               i_dsp/genblk4[4].iir/p_ay1_reg[4]/D
                                                              -2.209        
i_dsp/genblk4[4].iir/b1_reg[23]/C
                               i_dsp/genblk4[4].iir/p_bx1_reg[5]/D
                                                              -2.209        
i_dsp/genblk4[4].iir/a1_reg[0]/C
                               i_dsp/genblk4[4].iir/p_ay1_reg[6]/D
                                                              -2.208        
i_dsp/genblk4[4].iir/a1_reg[0]/C
                               i_dsp/genblk4[4].iir/p_ay1_reg[1]/D
                                                              -2.200        
i_dsp/genblk4[4].iir/b1_reg[23]/C
                               i_dsp/genblk4[4].iir/p_bx1_reg[9]/D
                                                              -2.195        
i_dsp/genblk4[4].iir/b1_reg[23]/C
                               i_dsp/genblk4[4].iir/p_bx1_reg[3]/D
                                                              -2.186        
i_dsp/genblk4[4].iir/b1_reg[23]/C
                               i_dsp/genblk4[4].iir/p_bx1_reg[14]/D
                                                              -2.184        
i_dsp/genblk4[4].iir/b1_reg[23]/C
                               i_dsp/genblk4[4].iir/p_bx1_reg[7]/D
                                                              -2.182        
i_dsp/genblk4[4].iir/b0_reg[23]/C
                               i_dsp/genblk4[4].iir/p_bx0_reg[15]/D
                                                              -2.174        
i_dsp/genblk4[4].iir/b0_reg[0]/C
                               i_dsp/genblk4[4].iir/p_bx0_reg[14]/D
                                                              -2.172        
i_dsp/genblk4[4].iir/b1_reg[23]/C
                               i_dsp/genblk4[4].iir/p_bx1_reg[19]/D
                                                              -2.170        
i_dsp/genblk4[4].iir/b0_reg[0]/C
                               i_dsp/genblk4[4].iir/p_bx0_reg[2]/D
                                                              -2.168        
i_dsp/genblk4[4].iir/b0_reg[0]/C
                               i_dsp/genblk4[4].iir/p_bx0_reg[20]/D
                                                              -2.166        
i_dsp/genblk4[4].iir/b1_reg[23]/C
                               i_dsp/genblk4[4].iir/p_bx1_reg[17]/D
                                                              -2.155        
i_dsp/genblk4[4].iir/b1_reg[23]/C
                               i_dsp/genblk4[4].iir/p_bx1_reg[12]/D
                                                              -2.151        
i_dsp/genblk4[4].iir/b0_reg[0]/C
                               i_dsp/genblk4[4].iir/p_bx0_reg[18]/D
                                                              -2.147        
i_dsp/genblk4[4].iir/b0_reg[23]/C
                               i_dsp/genblk4[4].iir/p_bx0_reg[4]/D
                                                              -2.143        
i_dsp/genblk4[4].iir/b0_reg[23]/C
                               i_dsp/genblk4[4].iir/p_bx0_reg[1]/D
                                                              -2.136        
i_dsp/genblk4[4].iir/b1_reg[23]/C
                               i_dsp/genblk4[4].iir/p_bx1_reg[11]/D
                                                              -2.135        
i_dsp/genblk4[4].iir/b1_reg[23]/C
                               i_dsp/genblk4[4].iir/p_bx1_reg[8]/D
                                                              -2.123        
i_dsp/genblk4[4].iir/b1_reg[23]/C
                               i_dsp/genblk4[4].iir/p_bx1_reg[0]/D
                                                              -2.117        
i_dsp/genblk4[4].iir/b0_reg[23]/C
                               i_dsp/genblk4[4].iir/p_bx0_reg[21]/D
                                                              -2.100        
i_dsp/genblk4[4].iir/b0_reg[23]/C
                               i_dsp/genblk4[4].iir/p_bx0_reg[0]/D
                                                              -2.088        
i_dsp/genblk4[4].iir/b1_reg[23]/C
                               i_dsp/genblk4[4].iir/p_bx1_reg[13]/D
                                                              -2.076        
i_dsp/genblk4[4].iir/b1_reg[23]/C
                               i_dsp/genblk4[4].iir/p_bx1_reg[10]/D
                                                              -2.023        
i_dsp/genblk4[4].iir/b1_reg[23]/C
                               i_dsp/genblk4[4].iir/p_bx1_reg[18]/D
                                                              -1.998        
i_dsp/genblk4[4].iir/b1_reg[23]/C
                               i_dsp/genblk4[4].iir/p_bx1_reg[21]/D
                                                              -1.994        
i_ps/axi_slave_gp0/wr_wdata_reg[1]/C
                               i_dsp/genblk4[4].iir/iir_coefficients_reg[56][1]/D
                                                              -1.969        
i_dsp/genblk4[4].iir/a2_reg[23]/C
                               i_dsp/genblk4[4].iir/p_ay2_reg[23]/D
                                                              -1.866        
i_ps/axi_slave_gp0/wr_wdata_reg[9]/C
                               i_dsp/genblk4[4].iir/iir_coefficients_reg[52][9]/D
                                                              -1.861        
i_dsp/genblk5[5].iq/modulator/signal1_reg_reg[7]/C
                               i_dsp/genblk5[5].iq/modulator/secondproduct1/D[8]
                                                              -1.848        
pwm[3]/vcnt_r_reg[3]/C         pwm[3]/pwm_o_reg/D             -0.180        
pwm[2]/v_r_reg[2]/C            pwm[2]/pwm_o_reg/D             -0.134        
pwm[0]/vcnt_r_reg[0]/C         pwm[0]/pwm_o_reg/D             -0.055        
i_ps/system_i/system_i/axi_protocol_converter_0/inst/gen_axilite.gen_b2s_conv.axilite_b2s/RD.ar_channel_0/ar_cmd_fsm_0/FSM_sequential_state_reg[0]/C
                               i_ps/system_i/system_i/xadc/inst/AXI_LITE_IPIF_I/I_SLAVE_ATTACHMENT/I_DECODER/GEN_BKEND_CE_REGISTERS[4].ce_out_i_reg[4]/D
                                                              -0.018        
i_ps/system_i/system_i/axi_protocol_converter_0/inst/gen_axilite.gen_b2s_conv.axilite_b2s/RD.ar_channel_0/ar_cmd_fsm_0/FSM_sequential_state_reg[0]/C
                               i_ps/system_i/system_i/xadc/inst/AXI_LITE_IPIF_I/I_SLAVE_ATTACHMENT/I_DECODER/GEN_BKEND_CE_REGISTERS[2].ce_out_i_reg[2]/D
                                                              -0.016        
i_ps/system_i/system_i/axi_protocol_converter_0/inst/gen_axilite.gen_b2s_conv.axilite_b2s/SI_REG/ar.ar_pipe/m_payload_i_reg[3]/C
                               i_ps/system_i/system_i/axi_protocol_converter_0/inst/gen_axilite.gen_b2s_conv.axilite_b2s/RD.ar_channel_0/cmd_translator_0/wrap_cmd_0/wrap_cnt_r_reg[3]/D
                                                              -0.005        
i_ps/system_i/system_i/axi_protocol_converter_0/inst/gen_axilite.gen_b2s_conv.axilite_b2s/RD.ar_channel_0/ar_cmd_fsm_0/FSM_sequential_state_reg[0]/C
                               i_ps/system_i/system_i/xadc/inst/AXI_LITE_IPIF_I/I_SLAVE_ATTACHMENT/I_DECODER/GEN_BKEND_CE_REGISTERS[7].ce_out_i_reg[7]/D
                                                              -0.005        
i_ps/system_i/system_i/axi_protocol_converter_0/inst/gen_axilite.gen_b2s_conv.axilite_b2s/RD.ar_channel_0/ar_cmd_fsm_0/FSM_sequential_state_reg[0]/C
                               i_ps/system_i/system_i/xadc/inst/AXI_LITE_IPIF_I/I_SLAVE_ATTACHMENT/I_DECODER/GEN_BKEND_CE_REGISTERS[0].ce_out_i_reg[0]/D
                                                              0.030         
pwm[1]/vcnt_r_reg[3]/C         pwm[1]/pwm_o_reg/D             0.058         
i_ps/system_i/system_i/processing_system7/inst/PS7_i/MAXIGP1ACLK
                               i_ps/system_i/system_i/xadc/inst/AXI_LITE_IPIF_I/I_SLAVE_ATTACHMENT/I_DECODER/GEN_BKEND_CE_REGISTERS[12].ce_out_i_reg[12]/D
                                                              0.066         
i_ps/system_i/system_i/axi_protocol_converter_0/inst/gen_axilite.gen_b2s_conv.axilite_b2s/RD.ar_channel_0/ar_cmd_fsm_0/FSM_sequential_state_reg[0]/C
                               i_ps/system_i/system_i/xadc/inst/AXI_LITE_IPIF_I/I_SLAVE_ATTACHMENT/I_DECODER/GEN_BKEND_CE_REGISTERS[6].ce_out_i_reg[6]/D
                                                              0.083         
i_ps/system_i/system_i/axi_protocol_converter_0/inst/gen_axilite.gen_b2s_conv.axilite_b2s/RD.ar_channel_0/ar_cmd_fsm_0/FSM_sequential_state_reg[0]/C
                               i_ps/system_i/system_i/xadc/inst/AXI_LITE_IPIF_I/I_SLAVE_ATTACHMENT/I_DECODER/GEN_BKEND_CE_REGISTERS[1].ce_out_i_reg[1]/D
                                                              0.128         
i_ps/system_i/system_i/axi_protocol_converter_0/inst/gen_axilite.gen_b2s_conv.axilite_b2s/RD.ar_channel_0/ar_cmd_fsm_0/FSM_sequential_state_reg[0]/C
                               i_ps/system_i/system_i/xadc/inst/AXI_LITE_IPIF_I/I_SLAVE_ATTACHMENT/I_DECODER/GEN_BKEND_CE_REGISTERS[5].ce_out_i_reg[5]/D
                                                              0.134         
i_ps/system_i/system_i/axi_protocol_converter_0/inst/gen_axilite.gen_b2s_conv.axilite_b2s/RD.ar_channel_0/ar_cmd_fsm_0/FSM_sequential_state_reg[0]/C
                               i_ps/system_i/system_i/xadc/inst/AXI_LITE_IPIF_I/I_SLAVE_ATTACHMENT/I_DECODER/GEN_BKEND_CE_REGISTERS[3].ce_out_i_reg[3]/D
                                                              0.135         
i_ps/system_i/system_i/axi_protocol_converter_0/inst/gen_axilite.gen_b2s_conv.axilite_b2s/RD.ar_channel_0/ar_cmd_fsm_0/FSM_sequential_state_reg[0]/C
                               i_ps/system_i/system_i/xadc/inst/AXI_XADC_CORE_I/XADC_INST/DADDR[3]
                                                              0.139         
i_ps/system_i/system_i/processing_system7/inst/PS7_i/MAXIGP1ACLK
                               i_ps/system_i/system_i/xadc/inst/AXI_LITE_IPIF_I/I_SLAVE_ATTACHMENT/I_DECODER/GEN_BKEND_CE_REGISTERS[18].ce_out_i_reg[18]/D
                                                              0.156         
i_ps/system_i/system_i/axi_protocol_converter_0/inst/gen_axilite.gen_b2s_conv.axilite_b2s/SI_REG/ar.ar_pipe/m_payload_i_reg[4]/C
                               i_ps/system_i/system_i/xadc/inst/AXI_XADC_CORE_I/XADC_INST/DADDR[2]
                                                              0.175         
pwm[1]/vcnt_reg[2]/C           pwm[1]/bcnt_reg[0]/CE          0.186         
pwm[1]/vcnt_reg[2]/C           pwm[1]/bcnt_reg[1]/CE          0.186         
i_ps/system_i/system_i/processing_system7/inst/PS7_i/MAXIGP1ACLK
                               i_ps/system_i/system_i/xadc/inst/AXI_LITE_IPIF_I/I_SLAVE_ATTACHMENT/I_DECODER/GEN_BKEND_CE_REGISTERS[20].ce_out_i_reg[20]/D
                                                              0.190         
i_ps/system_i/system_i/processing_system7/inst/PS7_i/MAXIGP1ACLK
                               i_ps/system_i/system_i/xadc/inst/AXI_LITE_IPIF_I/I_SLAVE_ATTACHMENT/I_DECODER/GEN_BKEND_CE_REGISTERS[17].ce_out_i_reg[17]/D
                                                              0.193         
i_ps/system_i/system_i/axi_protocol_converter_0/inst/gen_axilite.gen_b2s_conv.axilite_b2s/SI_REG/ar.ar_pipe/m_payload_i_reg[3]/C
                               i_ps/system_i/system_i/axi_protocol_converter_0/inst/gen_axilite.gen_b2s_conv.axilite_b2s/RD.ar_channel_0/cmd_translator_0/wrap_cmd_0/wrap_cnt_r_reg[2]/D
                                                              0.196         
i_ps/system_i/system_i/axi_protocol_converter_0/inst/gen_axilite.gen_b2s_conv.axilite_b2s/WR.b_channel_0/bid_fifo_0/cnt_read_reg[1]/C
                               i_ps/system_i/system_i/axi_protocol_converter_0/inst/gen_axilite.gen_b2s_conv.axilite_b2s/WR.aw_channel_0/cmd_translator_0/incr_cmd_0/axaddr_incr_reg[0]/CE
                                                              0.197         
i_ps/system_i/system_i/axi_protocol_converter_0/inst/gen_axilite.gen_b2s_conv.axilite_b2s/WR.b_channel_0/bid_fifo_0/cnt_read_reg[1]/C
                               i_ps/system_i/system_i/axi_protocol_converter_0/inst/gen_axilite.gen_b2s_conv.axilite_b2s/WR.aw_channel_0/cmd_translator_0/incr_cmd_0/axaddr_incr_reg[1]/CE
                                                              0.197         
i_ps/system_i/system_i/axi_protocol_converter_0/inst/gen_axilite.gen_b2s_conv.axilite_b2s/WR.b_channel_0/bid_fifo_0/cnt_read_reg[1]/C
                               i_ps/system_i/system_i/axi_protocol_converter_0/inst/gen_axilite.gen_b2s_conv.axilite_b2s/WR.aw_channel_0/cmd_translator_0/incr_cmd_0/axaddr_incr_reg[8]/CE
                                                              0.197         
i_ps/system_i/system_i/axi_protocol_converter_0/inst/gen_axilite.gen_b2s_conv.axilite_b2s/WR.b_channel_0/bid_fifo_0/cnt_read_reg[1]/C
                               i_ps/system_i/system_i/axi_protocol_converter_0/inst/gen_axilite.gen_b2s_conv.axilite_b2s/WR.aw_channel_0/cmd_translator_0/incr_cmd_0/axaddr_incr_reg[6]/CE
                                                              0.198         
i_ps/system_i/system_i/axi_protocol_converter_0/inst/gen_axilite.gen_b2s_conv.axilite_b2s/WR.b_channel_0/bid_fifo_0/cnt_read_reg[1]/C
                               i_ps/system_i/system_i/axi_protocol_converter_0/inst/gen_axilite.gen_b2s_conv.axilite_b2s/WR.aw_channel_0/cmd_translator_0/incr_cmd_0/axaddr_incr_reg[9]/CE
                                                              0.198         
i_ps/system_i/system_i/axi_protocol_converter_0/inst/gen_axilite.gen_b2s_conv.axilite_b2s/WR.b_channel_0/bid_fifo_0/cnt_read_reg[1]/C
                               i_ps/system_i/system_i/axi_protocol_converter_0/inst/gen_axilite.gen_b2s_conv.axilite_b2s/WR.aw_channel_0/cmd_translator_0/incr_cmd_0/axaddr_incr_reg[2]/CE
                                                              0.213         
i_ps/system_i/system_i/axi_protocol_converter_0/inst/gen_axilite.gen_b2s_conv.axilite_b2s/WR.b_channel_0/bid_fifo_0/cnt_read_reg[1]/C
                               i_ps/system_i/system_i/axi_protocol_converter_0/inst/gen_axilite.gen_b2s_conv.axilite_b2s/WR.aw_channel_0/cmd_translator_0/incr_cmd_0/axaddr_incr_reg[7]/CE
                                                              0.213         
i_ps/system_i/system_i/processing_system7/inst/PS7_i/MAXIGP1ACLK
                               i_ps/system_i/system_i/xadc/inst/AXI_LITE_IPIF_I/I_SLAVE_ATTACHMENT/I_DECODER/GEN_BKEND_CE_REGISTERS[13].ce_out_i_reg[13]/D
                                                              0.220         
i_ps/system_i/system_i/processing_system7/inst/PS7_i/MAXIGP1ACLK
                               i_ps/system_i/system_i/xadc/inst/AXI_LITE_IPIF_I/I_SLAVE_ATTACHMENT/I_DECODER/GEN_BKEND_CE_REGISTERS[11].ce_out_i_reg[11]/D
                                                              0.230         
pwm[1]/vcnt_reg[2]/C           pwm[1]/bcnt_reg[2]/CE          0.236         
pwm[1]/vcnt_reg[2]/C           pwm[1]/bcnt_reg[3]/CE          0.236         
i_ps/system_i/system_i/axi_protocol_converter_0/inst/gen_axilite.gen_b2s_conv.axilite_b2s/WR.b_channel_0/bid_fifo_0/cnt_read_reg[1]/C
                               i_ps/system_i/system_i/axi_protocol_converter_0/inst/gen_axilite.gen_b2s_conv.axilite_b2s/WR.aw_channel_0/cmd_translator_0/incr_cmd_0/axaddr_incr_reg[3]/CE
                                                              0.236         
i_ps/system_i/system_i/axi_protocol_converter_0/inst/gen_axilite.gen_b2s_conv.axilite_b2s/WR.b_channel_0/bid_fifo_0/cnt_read_reg[1]/C
                               i_ps/system_i/system_i/axi_protocol_converter_0/inst/gen_axilite.gen_b2s_conv.axilite_b2s/WR.aw_channel_0/cmd_translator_0/incr_cmd_0/axaddr_incr_reg[4]/CE
                                                              0.236         
i_ps/system_i/system_i/axi_protocol_converter_0/inst/gen_axilite.gen_b2s_conv.axilite_b2s/WR.b_channel_0/bid_fifo_0/cnt_read_reg[1]/C
                               i_ps/system_i/system_i/axi_protocol_converter_0/inst/gen_axilite.gen_b2s_conv.axilite_b2s/WR.aw_channel_0/cmd_translator_0/incr_cmd_0/axaddr_incr_reg[5]/CE
                                                              0.236         
i_ps/system_i/system_i/processing_system7/inst/PS7_i/MAXIGP1ACLK
                               i_ps/system_i/system_i/xadc/inst/AXI_LITE_IPIF_I/I_SLAVE_ATTACHMENT/I_DECODER/GEN_BKEND_CE_REGISTERS[15].ce_out_i_reg[15]/D
                                                              0.267         
i_ps/system_i/system_i/axi_protocol_converter_0/inst/gen_axilite.gen_b2s_conv.axilite_b2s/RD.ar_channel_0/ar_cmd_fsm_0/FSM_sequential_state_reg[0]/C
                               i_ps/system_i/system_i/xadc/inst/AXI_XADC_CORE_I/XADC_INST/DADDR[1]
                                                              0.300         
i_ps/system_i/system_i/axi_protocol_converter_0/inst/gen_axilite.gen_b2s_conv.axilite_b2s/SI_REG/ar.ar_pipe/m_payload_i_reg[8]/C
                               i_ps/system_i/system_i/xadc/inst/AXI_XADC_CORE_I/XADC_INST/DADDR[6]
                                                              0.312         
i_ps/system_i/system_i/processing_system7/inst/PS7_i/MAXIGP1ACLK
                               i_ps/system_i/system_i/xadc/inst/AXI_LITE_IPIF_I/I_SLAVE_ATTACHMENT/I_DECODER/GEN_BKEND_CE_REGISTERS[10].ce_out_i_reg[10]/D
                                                              0.313         
i_ps/system_i/system_i/processing_system7/inst/PS7_i/MAXIGP1ACLK
                               i_ps/system_i/system_i/xadc/inst/AXI_LITE_IPIF_I/I_SLAVE_ATTACHMENT/I_DECODER/GEN_BKEND_CE_REGISTERS[22].ce_out_i_reg[22]/D
                                                              0.325         
i_ps/system_i/system_i/axi_protocol_converter_0/inst/gen_axilite.gen_b2s_conv.axilite_b2s/RD.r_channel_0/rd_data_fifo_0/cnt_read_reg[2]/C
                               i_ps/system_i/system_i/axi_protocol_converter_0/inst/gen_axilite.gen_b2s_conv.axilite_b2s/RD.ar_channel_0/cmd_translator_0/wrap_cmd_0/wrap_cnt_r_reg[0]/CE
                                                              0.328         
i_ps/system_i/system_i/axi_protocol_converter_0/inst/gen_axilite.gen_b2s_conv.axilite_b2s/RD.r_channel_0/rd_data_fifo_0/cnt_read_reg[2]/C
                               i_ps/system_i/system_i/axi_protocol_converter_0/inst/gen_axilite.gen_b2s_conv.axilite_b2s/RD.ar_channel_0/cmd_translator_0/wrap_cmd_0/wrap_cnt_r_reg[1]/CE
                                                              0.328         
pwm[2]/vcnt_reg[4]/C           pwm[2]/bcnt_reg[0]/CE          0.331         
pwm[2]/vcnt_reg[4]/C           pwm[2]/bcnt_reg[1]/CE          0.331         
pwm[2]/vcnt_reg[4]/C           pwm[2]/bcnt_reg[2]/CE          0.331         
pwm[2]/vcnt_reg[4]/C           pwm[2]/bcnt_reg[3]/CE          0.331         
i_ps/system_i/system_i/processing_system7/inst/PS7_i/MAXIGP1ACLK
                               i_ps/system_i/system_i/xadc/inst/AXI_LITE_IPIF_I/I_SLAVE_ATTACHMENT/I_DECODER/GEN_BKEND_CE_REGISTERS[8].ce_out_i_reg[8]/D
                                                              0.342         
i_ps/system_i/system_i/processing_system7/inst/PS7_i/MAXIGP1ACLK
                               i_ps/system_i/system_i/xadc/inst/AXI_LITE_IPIF_I/I_SLAVE_ATTACHMENT/I_DECODER/GEN_BKEND_CE_REGISTERS[9].ce_out_i_reg[9]/D
                                                              0.342         
i_ps/system_i/system_i/axi_protocol_converter_0/inst/gen_axilite.gen_b2s_conv.axilite_b2s/RD.ar_channel_0/ar_cmd_fsm_0/FSM_sequential_state_reg[0]/C
                               i_ps/system_i/system_i/xadc/inst/INTR_CTRLR_GEN_I.ip2bus_wrack_reg/D
                                                              0.344         
i_ps/system_i/system_i/processing_system7/inst/PS7_i/MAXIGP1ACLK
                               i_ps/system_i/system_i/xadc/inst/AXI_LITE_IPIF_I/I_SLAVE_ATTACHMENT/I_DECODER/GEN_BKEND_CE_REGISTERS[19].ce_out_i_reg[19]/D
                                                              0.347         
i_ps/system_i/system_i/axi_protocol_converter_0/inst/gen_axilite.gen_b2s_conv.axilite_b2s/WR.b_channel_0/bid_fifo_0/cnt_read_reg[1]/C
                               i_ps/system_i/system_i/axi_protocol_converter_0/inst/gen_axilite.gen_b2s_conv.axilite_b2s/WR.aw_channel_0/cmd_translator_0/incr_cmd_0/axaddr_incr_reg[8]/D
                                                              0.349         
i_ps/system_i/system_i/processing_system7/inst/PS7_i/MAXIGP1ACLK
                               i_ps/system_i/system_i/xadc/inst/AXI_LITE_IPIF_I/I_SLAVE_ATTACHMENT/I_DECODER/GEN_BKEND_CE_REGISTERS[23].ce_out_i_reg[23]/D
                                                              0.351         
i_ps/system_i/system_i/axi_protocol_converter_0/inst/gen_axilite.gen_b2s_conv.axilite_b2s/WR.b_channel_0/bid_fifo_0/cnt_read_reg[1]/C
                               i_ps/system_i/system_i/axi_protocol_converter_0/inst/gen_axilite.gen_b2s_conv.axilite_b2s/WR.aw_channel_0/cmd_translator_0/incr_cmd_0/axaddr_incr_reg[5]/D
                                                              0.354         
i_ps/system_i/system_i/axi_protocol_converter_0/inst/gen_axilite.gen_b2s_conv.axilite_b2s/RD.r_channel_0/rd_data_fifo_0/cnt_read_reg[2]/C
                               i_ps/system_i/system_i/axi_protocol_converter_0/inst/gen_axilite.gen_b2s_conv.axilite_b2s/RD.ar_channel_0/cmd_translator_0/wrap_cmd_0/wrap_cnt_r_reg[2]/CE
                                                              0.357         
i_ps/system_i/system_i/processing_system7/inst/PS7_i/MAXIGP1ACLK
                               i_ps/system_i/system_i/xadc/inst/AXI_LITE_IPIF_I/I_SLAVE_ATTACHMENT/I_DECODER/GEN_BKEND_CE_REGISTERS[16].ce_out_i_reg[16]/D
                                                              0.358         
i_ps/system_i/system_i/processing_system7/inst/PS7_i/MAXIGP1ACLK
                               i_ps/system_i/system_i/xadc/inst/AXI_LITE_IPIF_I/I_SLAVE_ATTACHMENT/I_DECODER/GEN_BKEND_CE_REGISTERS[14].ce_out_i_reg[14]/D
                                                              0.362         
i_ps/system_i/system_i/axi_protocol_converter_0/inst/gen_axilite.gen_b2s_conv.axilite_b2s/RD.ar_channel_0/ar_cmd_fsm_0/FSM_sequential_state_reg[0]/C
                               i_ps/system_i/system_i/axi_protocol_converter_0/inst/gen_axilite.gen_b2s_conv.axilite_b2s/RD.ar_channel_0/cmd_translator_0/s_axburst_eq0_reg/D
                                                              0.363         
i_ps/system_i/system_i/axi_protocol_converter_0/inst/gen_axilite.gen_b2s_conv.axilite_b2s/SI_REG/aw.aw_pipe/m_payload_i_reg[39]/C
                               i_ps/system_i/system_i/axi_protocol_converter_0/inst/gen_axilite.gen_b2s_conv.axilite_b2s/SI_REG/aw.aw_pipe/m_payload_i_reg[2]/CE
                                                              0.370         
i_ps/system_i/system_i/axi_protocol_converter_0/inst/gen_axilite.gen_b2s_conv.axilite_b2s/SI_REG/aw.aw_pipe/m_payload_i_reg[39]/C
                               i_ps/system_i/system_i/axi_protocol_converter_0/inst/gen_axilite.gen_b2s_conv.axilite_b2s/SI_REG/aw.aw_pipe/m_payload_i_reg[3]/CE
                                                              0.370         
i_ps/system_i/system_i/axi_protocol_converter_0/inst/gen_axilite.gen_b2s_conv.axilite_b2s/SI_REG/aw.aw_pipe/m_payload_i_reg[39]/C
                               i_ps/system_i/system_i/axi_protocol_converter_0/inst/gen_axilite.gen_b2s_conv.axilite_b2s/SI_REG/aw.aw_pipe/m_payload_i_reg[4]/CE
                                                              0.370         
i_ps/system_i/system_i/axi_protocol_converter_0/inst/gen_axilite.gen_b2s_conv.axilite_b2s/SI_REG/aw.aw_pipe/m_payload_i_reg[39]/C
                               i_ps/system_i/system_i/axi_protocol_converter_0/inst/gen_axilite.gen_b2s_conv.axilite_b2s/SI_REG/aw.aw_pipe/m_payload_i_reg[5]/CE
                                                              0.370         
pwm[3]/vcnt_reg[4]/C           pwm[3]/v_reg[2]/CE             0.374         
pwm[3]/vcnt_reg[4]/C           pwm[3]/v_reg[4]/CE             0.374         
pwm[3]/vcnt_reg[4]/C           pwm[3]/v_reg[5]/CE             0.374         
pwm[3]/vcnt_reg[4]/C           pwm[3]/v_reg[6]/CE             0.374         
pwm[3]/vcnt_reg[4]/C           pwm[3]/v_reg[7]/CE             0.374         
i_ps/system_i/system_i/axi_protocol_converter_0/inst/gen_axilite.gen_b2s_conv.axilite_b2s/WR.b_channel_0/bid_fifo_0/cnt_read_reg[1]/C
                               i_ps/system_i/system_i/axi_protocol_converter_0/inst/gen_axilite.gen_b2s_conv.axilite_b2s/WR.aw_channel_0/cmd_translator_0/incr_cmd_0/axaddr_incr_reg[9]/D
                                                              0.375         
i_ps/system_i/system_i/processing_system7/inst/PS7_i/MAXIGP1ACLK
                               i_ps/system_i/system_i/xadc/inst/AXI_LITE_IPIF_I/I_SLAVE_ATTACHMENT/I_DECODER/GEN_BKEND_CE_REGISTERS[21].ce_out_i_reg[21]/D
                                                              0.377         
i_ps/system_i/system_i/xadc/inst/INTR_CTRLR_GEN_I.ip2bus_rdack_reg/C
                               i_ps/system_i/system_i/axi_protocol_converter_0/inst/gen_axilite.gen_b2s_conv.axilite_b2s/RD.ar_channel_0/cmd_translator_0/incr_cmd_0/axaddr_incr_reg[9]/D
                                                              0.377         
i_ps/system_i/system_i/axi_protocol_converter_0/inst/gen_axilite.gen_b2s_conv.axilite_b2s/RD.ar_channel_0/ar_cmd_fsm_0/FSM_sequential_state_reg[0]/C
                               i_ps/system_i/system_i/axi_protocol_converter_0/inst/gen_axilite.gen_b2s_conv.axilite_b2s/RD.ar_channel_0/cmd_translator_0/s_axburst_eq1_reg/D
                                                              0.383         
i_ams/dac_b_o_reg[12]/C        pwm[1]/b_reg[12]/D             0.391         
i_ps/system_i/system_i/axi_protocol_converter_0/inst/gen_axilite.gen_b2s_conv.axilite_b2s/RD.ar_channel_0/ar_cmd_fsm_0/FSM_sequential_state_reg[0]/C
                               i_ps/system_i/system_i/xadc/inst/AXI_XADC_CORE_I/XADC_INST/DADDR[4]
                                                              0.393         
i_ps/system_i/system_i/axi_protocol_converter_0/inst/gen_axilite.gen_b2s_conv.axilite_b2s/SI_REG/ar.ar_pipe/m_payload_i_reg[3]/C
                               i_ps/system_i/system_i/axi_protocol_converter_0/inst/gen_axilite.gen_b2s_conv.axilite_b2s/RD.ar_channel_0/cmd_translator_0/wrap_cmd_0/wrap_second_len_r_reg[1]/D
                                                              0.398         
pwm_rstn_reg/C                 pwm[1]/pwm_o_reg/R             0.405         
pwm[3]/vcnt_reg[4]/C           pwm[3]/b_reg[4]/CE             0.411         
pwm[3]/vcnt_reg[4]/C           pwm[3]/b_reg[5]/CE             0.411         
pwm[3]/vcnt_reg[4]/C           pwm[3]/b_reg[6]/CE             0.411         
pwm[3]/vcnt_reg[4]/C           pwm[3]/b_reg[7]/CE             0.411         
pwm_rstn_reg/C                 pwm[2]/pwm_o_reg/R             0.414         
i_ps/system_i/system_i/axi_protocol_converter_0/inst/gen_axilite.gen_b2s_conv.axilite_b2s/SI_REG/aw.aw_pipe/m_payload_i_reg[45]/C
                               i_ps/system_i/system_i/axi_protocol_converter_0/inst/gen_axilite.gen_b2s_conv.axilite_b2s/WR.aw_channel_0/cmd_translator_0/wrap_cmd_0/wrap_cnt_r_reg[2]/D
                                                              0.417         
i_ps/system_i/system_i/axi_protocol_converter_0/inst/gen_axilite.gen_b2s_conv.axilite_b2s/SI_REG/aw.aw_pipe/m_payload_i_reg[39]/C
                               i_ps/system_i/system_i/axi_protocol_converter_0/inst/gen_axilite.gen_b2s_conv.axilite_b2s/SI_REG/aw.aw_pipe/m_payload_i_reg[6]/CE
                                                              0.419         
i_ps/system_i/system_i/axi_protocol_converter_0/inst/gen_axilite.gen_b2s_conv.axilite_b2s/SI_REG/aw.aw_pipe/m_payload_i_reg[39]/C
                               i_ps/system_i/system_i/axi_protocol_converter_0/inst/gen_axilite.gen_b2s_conv.axilite_b2s/SI_REG/aw.aw_pipe/m_payload_i_reg[7]/CE
                                                              0.419         
i_ps/system_i/system_i/axi_protocol_converter_0/inst/gen_axilite.gen_b2s_conv.axilite_b2s/SI_REG/aw.aw_pipe/m_payload_i_reg[39]/C
                               i_ps/system_i/system_i/axi_protocol_converter_0/inst/gen_axilite.gen_b2s_conv.axilite_b2s/SI_REG/aw.aw_pipe/m_payload_i_reg[8]/CE
                                                              0.419         
i_ps/system_i/system_i/axi_protocol_converter_0/inst/gen_axilite.gen_b2s_conv.axilite_b2s/SI_REG/aw.aw_pipe/m_payload_i_reg[39]/C
                               i_ps/system_i/system_i/axi_protocol_converter_0/inst/gen_axilite.gen_b2s_conv.axilite_b2s/SI_REG/aw.aw_pipe/m_payload_i_reg[9]/CE
                                                              0.419         
pwm[3]/vcnt_reg[4]/C           pwm[3]/b_reg[0]/CE             0.421         
pwm[3]/vcnt_reg[4]/C           pwm[3]/b_reg[1]/CE             0.421         
pwm[3]/vcnt_reg[4]/C           pwm[3]/b_reg[2]/CE             0.421         
pwm[3]/vcnt_reg[4]/C           pwm[3]/b_reg[3]/CE             0.421         
pwm[2]/v_reg[0]/C              pwm[2]/v_r_reg[5]/D            0.422         
i_ps/system_i/system_i/axi_protocol_converter_0/inst/gen_axilite.gen_b2s_conv.axilite_b2s/RD.ar_channel_0/cmd_translator_0/incr_cmd_0/axlen_cnt_reg[6]/C
                               i_ps/system_i/system_i/axi_protocol_converter_0/inst/gen_axilite.gen_b2s_conv.axilite_b2s/RD.ar_channel_0/cmd_translator_0/incr_cmd_0/axlen_cnt_reg[6]/R
                                                              0.427         
pwm[3]/vcnt_reg[4]/C           pwm[3]/vcnt_reg[5]/CE          0.435         
pwm[3]/vcnt_reg[4]/C           pwm[3]/vcnt_reg[6]/CE          0.435         
pwm[3]/vcnt_reg[4]/C           pwm[3]/vcnt_reg[7]/CE          0.435         
i_ps/system_i/system_i/axi_protocol_converter_0/inst/gen_axilite.gen_b2s_conv.axilite_b2s/WR.b_channel_0/bid_fifo_0/cnt_read_reg[1]/C
                               i_ps/system_i/system_i/axi_protocol_converter_0/inst/gen_axilite.gen_b2s_conv.axilite_b2s/WR.aw_channel_0/cmd_translator_0/incr_cmd_0/axaddr_incr_reg[6]/D
                                                              0.443         
pwm[3]/vcnt_reg[4]/C           pwm[3]/b_reg[8]/CE             0.451         
i_ps/system_i/system_i/axi_protocol_converter_0/inst/gen_axilite.gen_b2s_conv.axilite_b2s/WR.b_channel_0/bid_fifo_0/cnt_read_reg[1]/C
                               i_ps/system_i/system_i/axi_protocol_converter_0/inst/gen_axilite.gen_b2s_conv.axilite_b2s/WR.aw_channel_0/cmd_translator_0/incr_cmd_0/axaddr_incr_reg[4]/D
                                                              0.464         
i_ps/system_i/system_i/axi_protocol_converter_0/inst/gen_axilite.gen_b2s_conv.axilite_b2s/SI_REG/aw.aw_pipe/m_payload_i_reg[39]/C
                               i_ps/system_i/system_i/axi_protocol_converter_0/inst/gen_axilite.gen_b2s_conv.axilite_b2s/SI_REG/aw.aw_pipe/m_payload_i_reg[38]/CE
                                                              0.469         
i_ps/system_i/system_i/axi_protocol_converter_0/inst/gen_axilite.gen_b2s_conv.axilite_b2s/SI_REG/aw.aw_pipe/m_payload_i_reg[39]/C
                               i_ps/system_i/system_i/axi_protocol_converter_0/inst/gen_axilite.gen_b2s_conv.axilite_b2s/SI_REG/aw.aw_pipe/m_payload_i_reg[39]/CE
                                                              0.469         
i_ps/system_i/system_i/axi_protocol_converter_0/inst/gen_axilite.gen_b2s_conv.axilite_b2s/WR.b_channel_0/bid_fifo_0/cnt_read_reg[1]/C
                               i_ps/system_i/system_i/axi_protocol_converter_0/inst/gen_axilite.gen_b2s_conv.axilite_b2s/WR.aw_channel_0/cmd_translator_0/incr_cmd_0/axaddr_incr_reg[3]/D
                                                              0.469         
pwm[2]/v_reg[0]/C              pwm[2]/v_r_reg[6]/D            0.470         
i_ps/system_i/system_i/axi_protocol_converter_0/inst/gen_axilite.gen_b2s_conv.axilite_b2s/RD.ar_channel_0/ar_cmd_fsm_0/FSM_sequential_state_reg[0]/C
                               i_ps/system_i/system_i/xadc/inst/AXI_XADC_CORE_I/XADC_INST/DADDR[5]
                                                              0.472         
pwm[3]/vcnt_reg[4]/C           pwm[3]/b_reg[10]/CE            0.492         
pwm[3]/vcnt_reg[4]/C           pwm[3]/b_reg[11]/CE            0.492         
pwm[3]/vcnt_reg[4]/C           pwm[3]/b_reg[12]/CE            0.492         
i_ps/system_i/system_i/axi_protocol_converter_0/inst/gen_axilite.gen_b2s_conv.axilite_b2s/SI_REG/aw.aw_pipe/m_payload_i_reg[45]/C
                               i_ps/system_i/system_i/axi_protocol_converter_0/inst/gen_axilite.gen_b2s_conv.axilite_b2s/WR.aw_channel_0/cmd_translator_0/wrap_cmd_0/wrap_cnt_r_reg[3]/D
                                                              0.492         
i_ps/system_i/system_i/axi_protocol_converter_0/inst/gen_axilite.gen_b2s_conv.axilite_b2s/RD.ar_channel_0/ar_cmd_fsm_0/FSM_sequential_state_reg[0]/C
                               i_ps/system_i/system_i/xadc/inst/INTR_CTRLR_GEN_I.ip2bus_error_reg/D
                                                              0.492         
i_ps/system_i/system_i/axi_protocol_converter_0/inst/gen_axilite.gen_b2s_conv.axilite_b2s/RD.ar_channel_0/cmd_translator_0/incr_cmd_0/axlen_cnt_reg[6]/C
                               i_ps/system_i/system_i/axi_protocol_converter_0/inst/gen_axilite.gen_b2s_conv.axilite_b2s/RD.ar_channel_0/cmd_translator_0/incr_cmd_0/axlen_cnt_reg[4]/R
                                                              0.500         
i_ps/system_i/system_i/axi_protocol_converter_0/inst/gen_axilite.gen_b2s_conv.axilite_b2s/RD.ar_channel_0/cmd_translator_0/incr_cmd_0/axlen_cnt_reg[6]/C
                               i_ps/system_i/system_i/axi_protocol_converter_0/inst/gen_axilite.gen_b2s_conv.axilite_b2s/RD.ar_channel_0/cmd_translator_0/incr_cmd_0/axlen_cnt_reg[5]/R
                                                              0.500         
i_ps/system_i/system_i/axi_protocol_converter_0/inst/gen_axilite.gen_b2s_conv.axilite_b2s/RD.ar_channel_0/cmd_translator_0/incr_cmd_0/axlen_cnt_reg[6]/C
                               i_ps/system_i/system_i/axi_protocol_converter_0/inst/gen_axilite.gen_b2s_conv.axilite_b2s/RD.ar_channel_0/cmd_translator_0/incr_cmd_0/axlen_cnt_reg[7]/R
                                                              0.500         
pwm[3]/vcnt_reg[4]/C           pwm[3]/vcnt_reg[1]/CE          0.504         
pwm[3]/vcnt_reg[4]/C           pwm[3]/vcnt_reg[2]/CE          0.504         
pwm[3]/vcnt_reg[4]/C           pwm[3]/vcnt_reg[3]/CE          0.504         
pwm[3]/vcnt_reg[4]/C           pwm[3]/vcnt_reg[4]/CE          0.504         
pwm[1]/bcnt_reg[3]/C           pwm[1]/v_reg[2]/CE             0.505         
pwm[1]/bcnt_reg[3]/C           pwm[1]/v_reg[3]/CE             0.505         
pwm[1]/bcnt_reg[3]/C           pwm[1]/v_reg[4]/CE             0.505         
pwm[1]/bcnt_reg[3]/C           pwm[1]/v_reg[7]/CE             0.505         
pwm[3]/vcnt_reg[4]/C           pwm[3]/v_reg[0]/CE             0.506         
pwm[3]/vcnt_reg[4]/C           pwm[3]/v_reg[1]/CE             0.506         
pwm[3]/vcnt_reg[4]/C           pwm[3]/v_reg[3]/CE             0.506         
pwm[1]/vcnt_reg[2]/C           pwm[1]/b_reg[6]/CE             0.510         
pwm[1]/vcnt_reg[2]/C           pwm[1]/b_reg[7]/CE             0.510         
pwm[1]/vcnt_reg[2]/C           pwm[1]/b_reg[8]/CE             0.510         
i_ps/system_i/system_i/axi_protocol_converter_0/inst/gen_axilite.gen_b2s_conv.axilite_b2s/RD.ar_channel_0/ar_cmd_fsm_0/FSM_sequential_state_reg[0]/C
                               i_ps/system_i/system_i/xadc/inst/AXI_XADC_CORE_I/XADC_INST/DADDR[0]
                                                              0.511         
i_ps/system_i/system_i/axi_protocol_converter_0/inst/gen_axilite.gen_b2s_conv.axilite_b2s/SI_REG/ar.ar_pipe/m_payload_i_reg[3]/C
                               i_ps/system_i/system_i/axi_protocol_converter_0/inst/gen_axilite.gen_b2s_conv.axilite_b2s/RD.ar_channel_0/cmd_translator_0/wrap_cmd_0/wrap_second_len_r_reg[2]/D
                                                              0.515         
i_ps/system_i/system_i/axi_protocol_converter_0/inst/gen_axilite.gen_b2s_conv.axilite_b2s/SI_REG/ar.ar_pipe/m_payload_i_reg[3]/C
                               i_ps/system_i/system_i/axi_protocol_converter_0/inst/gen_axilite.gen_b2s_conv.axilite_b2s/RD.ar_channel_0/cmd_translator_0/wrap_cmd_0/wrap_second_len_r_reg[3]/D
                                                              0.522         
pwm[0]/vcnt_reg[0]/C           pwm[0]/bcnt_reg[0]/CE          0.540         
pwm[0]/vcnt_reg[0]/C           pwm[0]/bcnt_reg[1]/CE          0.540         
pwm[0]/vcnt_reg[0]/C           pwm[0]/bcnt_reg[2]/CE          0.540         
pwm[0]/vcnt_reg[0]/C           pwm[0]/bcnt_reg[3]/CE          0.540         
pwm[1]/bcnt_reg[3]/C           pwm[1]/v_reg[0]/CE             0.541         
pwm[1]/bcnt_reg[3]/C           pwm[1]/v_reg[1]/CE             0.541         
pwm[1]/bcnt_reg[3]/C           pwm[1]/v_reg[5]/CE             0.541         
pwm[1]/bcnt_reg[3]/C           pwm[1]/v_reg[6]/CE             0.541         
i_ps/system_i/system_i/axi_protocol_converter_0/inst/gen_axilite.gen_b2s_conv.axilite_b2s/WR.b_channel_0/bid_fifo_0/cnt_read_reg[1]/C
                               i_ps/system_i/system_i/axi_protocol_converter_0/inst/gen_axilite.gen_b2s_conv.axilite_b2s/WR.aw_channel_0/cmd_translator_0/incr_cmd_0/axaddr_incr_reg[7]/D
                                                              0.541         
i_ps/system_i/system_i/xadc/inst/INTR_CTRLR_GEN_I.ip2bus_rdack_reg/C
                               i_ps/system_i/system_i/axi_protocol_converter_0/inst/gen_axilite.gen_b2s_conv.axilite_b2s/RD.ar_channel_0/cmd_translator_0/incr_cmd_0/axaddr_incr_reg[7]/D
                                                              0.542         
pwm[3]/vcnt_reg[4]/C           pwm[3]/b_reg[13]/CE            0.555         
pwm[3]/vcnt_reg[4]/C           pwm[3]/b_reg[14]/CE            0.555         
pwm[3]/vcnt_reg[4]/C           pwm[3]/b_reg[15]/CE            0.555         
pwm[3]/vcnt_reg[4]/C           pwm[3]/b_reg[9]/CE             0.555         
i_ps/system_i/system_i/axi_protocol_converter_0/inst/gen_axilite.gen_b2s_conv.axilite_b2s/RD.ar_channel_0/ar_cmd_fsm_0/FSM_sequential_state_reg[0]/C
                               i_ps/system_i/system_i/axi_protocol_converter_0/inst/gen_axilite.gen_b2s_conv.axilite_b2s/RD.ar_channel_0/cmd_translator_0/incr_cmd_0/axlen_cnt_reg[4]/CE
                                                              0.556         
i_ps/system_i/system_i/axi_protocol_converter_0/inst/gen_axilite.gen_b2s_conv.axilite_b2s/RD.ar_channel_0/ar_cmd_fsm_0/FSM_sequential_state_reg[0]/C
                               i_ps/system_i/system_i/axi_protocol_converter_0/inst/gen_axilite.gen_b2s_conv.axilite_b2s/RD.ar_channel_0/cmd_translator_0/incr_cmd_0/axlen_cnt_reg[5]/CE
                                                              0.556         
i_ps/system_i/system_i/axi_protocol_converter_0/inst/gen_axilite.gen_b2s_conv.axilite_b2s/RD.ar_channel_0/ar_cmd_fsm_0/FSM_sequential_state_reg[0]/C
                               i_ps/system_i/system_i/axi_protocol_converter_0/inst/gen_axilite.gen_b2s_conv.axilite_b2s/RD.ar_channel_0/cmd_translator_0/incr_cmd_0/axlen_cnt_reg[7]/CE
                                                              0.556         
i_ps/system_i/system_i/axi_protocol_converter_0/inst/gen_axilite.gen_b2s_conv.axilite_b2s/SI_REG/aw.aw_pipe/m_payload_i_reg[45]/C
                               i_ps/system_i/system_i/axi_protocol_converter_0/inst/gen_axilite.gen_b2s_conv.axilite_b2s/WR.aw_channel_0/cmd_translator_0/wrap_cmd_0/wrap_second_len_r_reg[3]/D
                                                              0.556         
pwm_rstn_reg/C                 pwm[3]/pwm_o_reg/R             0.557         
pwm[1]/vcnt_reg[2]/C           pwm[1]/b_reg[11]/CE            0.557         
pwm[1]/vcnt_reg[2]/C           pwm[1]/b_reg[12]/CE            0.557         
pwm[1]/vcnt_reg[2]/C           pwm[1]/b_reg[13]/CE            0.557         
pwm[1]/vcnt_reg[2]/C           pwm[1]/b_reg[3]/CE             0.557         
pwm[1]/vcnt_reg[2]/C           pwm[1]/b_reg[14]/CE            0.561         
pwm[1]/vcnt_reg[2]/C           pwm[1]/b_reg[1]/CE             0.561         
pwm[1]/vcnt_reg[2]/C           pwm[1]/b_reg[2]/CE             0.561         
pwm[1]/vcnt_reg[2]/C           pwm[1]/b_reg[9]/CE             0.561         
pwm[1]/vcnt_reg[2]/C           pwm[1]/vcnt_reg[5]/CE          0.562         
pwm[1]/vcnt_reg[2]/C           pwm[1]/vcnt_reg[6]/CE          0.562         
pwm[1]/vcnt_reg[2]/C           pwm[1]/vcnt_reg[7]/CE          0.562         
i_ps/system_i/system_i/axi_protocol_converter_0/inst/gen_axilite.gen_b2s_conv.axilite_b2s/WR.b_channel_0/bid_fifo_0/cnt_read_reg[1]/C
                               i_ps/system_i/system_i/axi_protocol_converter_0/inst/gen_axilite.gen_b2s_conv.axilite_b2s/WR.aw_channel_0/cmd_translator_0/s_axburst_eq0_reg/D
                                                              0.563         
pwm[2]/v_reg[0]/C              pwm[2]/v_r_reg[7]/D            0.564         
i_ps/system_i/system_i/processing_system7/inst/PS7_i/MAXIGP1ACLK
                               i_ps/system_i/system_i/xadc/inst/INTR_CTRLR_GEN_I.INTERRUPT_CONTROL_I/ip_irpt_enable_reg_reg[10]/CE
                                                              0.567         
i_ps/system_i/system_i/processing_system7/inst/PS7_i/MAXIGP1ACLK
                               i_ps/system_i/system_i/xadc/inst/INTR_CTRLR_GEN_I.INTERRUPT_CONTROL_I/ip_irpt_enable_reg_reg[14]/CE
                                                              0.567         
i_ps/system_i/system_i/processing_system7/inst/PS7_i/MAXIGP1ACLK
                               i_ps/system_i/system_i/xadc/inst/INTR_CTRLR_GEN_I.INTERRUPT_CONTROL_I/ip_irpt_enable_reg_reg[15]/CE
                                                              0.567         
i_ps/system_i/system_i/processing_system7/inst/PS7_i/MAXIGP1ACLK
                               i_ps/system_i/system_i/xadc/inst/INTR_CTRLR_GEN_I.INTERRUPT_CONTROL_I/ip_irpt_enable_reg_reg[3]/CE
                                                              0.567         
i_ps/system_i/system_i/processing_system7/inst/PS7_i/MAXIGP1ACLK
                               i_ps/system_i/system_i/xadc/inst/INTR_CTRLR_GEN_I.INTERRUPT_CONTROL_I/ip_irpt_enable_reg_reg[4]/CE
                                                              0.567         
i_ps/system_i/system_i/processing_system7/inst/PS7_i/MAXIGP1ACLK
                               i_ps/system_i/system_i/xadc/inst/INTR_CTRLR_GEN_I.INTERRUPT_CONTROL_I/ip_irpt_enable_reg_reg[6]/CE
                                                              0.567         
i_ps/system_i/system_i/processing_system7/inst/PS7_i/MAXIGP1ACLK
                               i_ps/system_i/system_i/xadc/inst/INTR_CTRLR_GEN_I.INTERRUPT_CONTROL_I/ip_irpt_enable_reg_reg[9]/CE
                                                              0.567         
i_ps/system_i/system_i/processing_system7/inst/PS7_i/MAXIGP1ACLK
                               i_ps/system_i/system_i/xadc/inst/INTR_CTRLR_GEN_I.INTERRUPT_CONTROL_I/GEN_IP_IRPT_STATUS_REG[0].GEN_REG_STATUS.ip_irpt_status_reg_reg[0]/D
                                                              0.570         
i_ps/system_i/system_i/processing_system7/inst/PS7_i/MAXIGP1ACLK
                               i_ps/system_i/system_i/xadc/inst/AXI_XADC_CORE_I/XADC_INST/DI[14]
                                                              0.571         
i_ps/system_i/system_i/processing_system7/inst/PS7_i/MAXIGP1ACLK
                               i_ps/system_i/system_i/xadc/inst/INTR_CTRLR_GEN_I.INTERRUPT_CONTROL_I/ip_irpt_enable_reg_reg[0]/CE
                                                              0.571         
i_ps/system_i/system_i/processing_system7/inst/PS7_i/MAXIGP1ACLK
                               i_ps/system_i/system_i/xadc/inst/INTR_CTRLR_GEN_I.INTERRUPT_CONTROL_I/ip_irpt_enable_reg_reg[11]/CE
                                                              0.571         
i_ps/system_i/system_i/processing_system7/inst/PS7_i/MAXIGP1ACLK
                               i_ps/system_i/system_i/xadc/inst/INTR_CTRLR_GEN_I.INTERRUPT_CONTROL_I/ip_irpt_enable_reg_reg[12]/CE
                                                              0.571         
i_ps/system_i/system_i/processing_system7/inst/PS7_i/MAXIGP1ACLK
                               i_ps/system_i/system_i/xadc/inst/INTR_CTRLR_GEN_I.INTERRUPT_CONTROL_I/ip_irpt_enable_reg_reg[13]/CE
                                                              0.571         
i_ps/system_i/system_i/processing_system7/inst/PS7_i/MAXIGP1ACLK
                               i_ps/system_i/system_i/xadc/inst/INTR_CTRLR_GEN_I.INTERRUPT_CONTROL_I/ip_irpt_enable_reg_reg[5]/CE
                                                              0.571         
i_ps/system_i/system_i/processing_system7/inst/PS7_i/MAXIGP1ACLK
                               i_ps/system_i/system_i/xadc/inst/INTR_CTRLR_GEN_I.INTERRUPT_CONTROL_I/ip_irpt_enable_reg_reg[7]/CE
                                                              0.571         
i_ps/system_i/system_i/axi_protocol_converter_0/inst/gen_axilite.gen_b2s_conv.axilite_b2s/WR.b_channel_0/bid_fifo_0/cnt_read_reg[0]/C
                               i_ps/system_i/system_i/axi_protocol_converter_0/inst/gen_axilite.gen_b2s_conv.axilite_b2s/WR.b_channel_0/bresp_cnt_reg[0]/R
                                                              0.572         
i_ps/system_i/system_i/axi_protocol_converter_0/inst/gen_axilite.gen_b2s_conv.axilite_b2s/WR.b_channel_0/bid_fifo_0/cnt_read_reg[0]/C
                               i_ps/system_i/system_i/axi_protocol_converter_0/inst/gen_axilite.gen_b2s_conv.axilite_b2s/WR.b_channel_0/bresp_cnt_reg[6]/R
                                                              0.572         
pwm[3]/vcnt_reg[4]/C           pwm[3]/bcnt_reg[0]/CE          0.573         
pwm[3]/vcnt_reg[4]/C           pwm[3]/bcnt_reg[1]/CE          0.573         
pwm[3]/vcnt_reg[4]/C           pwm[3]/bcnt_reg[2]/CE          0.573         
pwm[3]/vcnt_reg[4]/C           pwm[3]/bcnt_reg[3]/CE          0.573         
pwm_rstn_reg/C                 pwm[1]/bcnt_reg[0]/R           0.578         
pwm_rstn_reg/C                 pwm[1]/bcnt_reg[1]/R           0.578         
pwm[1]/vcnt_reg[2]/C           pwm[1]/vcnt_reg[1]/CE          0.590         
pwm[1]/vcnt_reg[2]/C           pwm[1]/vcnt_reg[2]/CE          0.590         
pwm[1]/vcnt_reg[2]/C           pwm[1]/vcnt_reg[3]/CE          0.590         
pwm[1]/vcnt_reg[2]/C           pwm[1]/vcnt_reg[4]/CE          0.590         
pwm[1]/vcnt_reg[2]/C           pwm[1]/b_reg[0]/CE             0.607         
pwm[1]/vcnt_reg[2]/C           pwm[1]/b_reg[10]/CE            0.607         
pwm[1]/vcnt_reg[2]/C           pwm[1]/b_reg[4]/CE             0.607         
pwm[1]/vcnt_reg[2]/C           pwm[1]/b_reg[5]/CE             0.607         
pwm[2]/v_reg[0]/C              pwm[2]/v_r_reg[8]/D            0.614         
dac_rst_reg/C                  oddr_dac_dat[4]/R              0.617         
pwm_rstn_reg/C                 pwm[0]/pwm_o_reg/R             0.625         
dac_rst_reg/C                  oddr_dac_dat[3]/R              0.625         
dac_rst_reg/C                  oddr_dac_dat[11]/R             0.627         
pwm_rstn_reg/C                 pwm[3]/vcnt_reg[0]/R           0.652         
pwm[2]/vcnt_reg[4]/C           pwm[2]/vcnt_reg[1]/CE          0.664         
pwm[2]/vcnt_reg[4]/C           pwm[2]/vcnt_reg[2]/CE          0.664         
pwm_rstn_reg/C                 pwm[3]/bcnt_reg[0]/R           0.671         
pwm_rstn_reg/C                 pwm[3]/bcnt_reg[1]/R           0.671         
pwm_rstn_reg/C                 pwm[3]/bcnt_reg[2]/R           0.671         
pwm_rstn_reg/C                 pwm[3]/bcnt_reg[3]/R           0.671         
pwm[2]/bcnt_reg[3]/C           pwm[2]/v_reg[0]/CE             0.675         
dac_rst_reg/C                  oddr_dac_dat[1]/R              0.680         
dac_rst_reg/C                  oddr_dac_dat[8]/R              0.682         
dac_rst_reg/C                  oddr_dac_dat[7]/R              0.686         
dac_rst_reg/C                  oddr_dac_dat[5]/R              0.756         
dac_rst_reg/C                  oddr_dac_dat[13]/R             0.763         
dac_rst_reg/C                  oddr_dac_dat[0]/R              0.764         
dac_rst_reg/C                  oddr_dac_dat[9]/R              0.820         
dac_rst_reg/C                  oddr_dac_dat[12]/R             0.901         
dac_rst_reg/C                  oddr_dac_dat[10]/R             0.910         
dac_rst_reg/C                  oddr_dac_dat[2]/R              0.960         
dac_rst_reg/C                  oddr_dac_sel/R                 1.062         
dac_rst_reg/C                  oddr_dac_dat[6]/R              1.149         
dac_dat_a_reg[2]/C             oddr_dac_dat[2]/D2             1.519         
dac_dat_a_reg[13]/C            oddr_dac_dat[13]/D2            1.619         
dac_dat_a_reg[0]/C             oddr_dac_dat[0]/D2             1.639         
dac_dat_a_reg[12]/C            oddr_dac_dat[12]/D2            1.660         
dac_rst_reg/C                  oddr_dac_rst/D2                1.681         
dac_dat_a_reg[4]/C             oddr_dac_dat[4]/D2             1.777         
dac_dat_a_reg[1]/C             oddr_dac_dat[1]/D2             1.821         
dac_dat_a_reg[5]/C             oddr_dac_dat[5]/D2             1.832         
dac_dat_a_reg[3]/C             oddr_dac_dat[3]/D2             1.885         
dac_dat_a_reg[6]/C             oddr_dac_dat[6]/D2             1.898         
dac_dat_a_reg[11]/C            oddr_dac_dat[11]/D2            1.968         
dac_dat_a_reg[7]/C             oddr_dac_dat[7]/D2             1.984         
dac_dat_a_reg[9]/C             oddr_dac_dat[9]/D2             1.984         
dac_dat_a_reg[8]/C             oddr_dac_dat[8]/D2             1.987         
dac_dat_a_reg[10]/C            oddr_dac_dat[10]/D2            1.988         
i_dsp/sum1_reg[16]/C           dac_dat_a_reg[0]/D             2.876         
i_dsp/sum2_reg[13]/C           dac_dat_b_reg[5]/D             2.966         
i_dsp/sum2_reg[14]/C           dac_dat_b_reg[3]/D             3.087         
i_dsp/sum1_reg[16]/C           dac_dat_a_reg[1]/D             3.142         
i_dsp/sum1_reg[16]/C           dac_dat_a_reg[12]/D            3.149         
i_dsp/sum2_reg[7]/C            dac_dat_b_reg[7]/D             3.182         
i_dsp/sum2_reg[14]/C           dac_dat_b_reg[2]/D             3.251         
i_dsp/sum2_reg[16]/C           dac_dat_b_reg[12]/D            3.474         
i_dsp/sum2_reg[13]/C           dac_dat_b_reg[10]/D            3.563         
i_dsp/sum2_reg[13]/C           dac_dat_b_reg[1]/D             3.652         
i_dsp/sum2_reg[16]/C           dac_dat_b_reg[11]/D            3.710         
i_dsp/sum2_reg[16]/C           dac_dat_b_reg[4]/D             3.900         
i_dsp/sum2_reg[15]/C           dac_dat_b_reg[0]/D             3.967         
i_dsp/sum2_reg[14]/C           dac_dat_b_reg[6]/D             3.998         
i_dsp/sum1_reg[15]/C           dac_dat_a_reg[4]/D             4.029         
i_dsp/sum1_reg[14]/C           dac_dat_a_reg[3]/D             4.054         
i_dsp/sum1_reg[16]/C           dac_dat_a_reg[5]/D             4.142         
i_dsp/sum1_reg[13]/C           dac_dat_a_reg[8]/D             4.279         
i_dsp/sum1_reg[14]/C           dac_dat_a_reg[9]/D             4.399         
i_dsp/sum2_reg[15]/C           dac_dat_b_reg[8]/D             4.413         
i_dsp/sum1_reg[16]/C           dac_dat_a_reg[10]/D            4.435         
i_dsp/sum2_reg[15]/C           dac_dat_b_reg[9]/D             4.486         
i_dsp/sum1_reg[13]/C           dac_dat_a_reg[6]/D             4.490         
i_dsp/sum1_reg[14]/C           dac_dat_a_reg[11]/D            4.512         
i_dsp/sum1_reg[14]/C           dac_dat_a_reg[2]/D             4.680         
i_dsp/sum1_reg[7]/C            dac_dat_a_reg[7]/D             4.826         
i_dsp/sum1_reg[17]/C           dac_dat_a_reg[13]/D            5.037         
i_dsp/sum2_reg[17]/C           dac_dat_b_reg[13]/D            5.180         
dac_dat_b_reg[13]/C            oddr_dac_dat[13]/D1            5.385         
dac_dat_b_reg[12]/C            oddr_dac_dat[12]/D1            5.546         
dac_dat_b_reg[0]/C             oddr_dac_dat[0]/D1             5.559         
dac_rst_reg/C                  oddr_dac_rst/D1                5.681         
dac_dat_b_reg[3]/C             oddr_dac_dat[3]/D1             5.719         
dac_dat_b_reg[4]/C             oddr_dac_dat[4]/D1             5.721         
dac_dat_b_reg[11]/C            oddr_dac_dat[11]/D1            5.775         
dac_dat_b_reg[10]/C            oddr_dac_dat[10]/D1            5.792         
dac_dat_b_reg[1]/C             oddr_dac_dat[1]/D1             5.800         
dac_dat_b_reg[6]/C             oddr_dac_dat[6]/D1             5.840         
dac_dat_b_reg[5]/C             oddr_dac_dat[5]/D1             5.855         
dac_dat_b_reg[8]/C             oddr_dac_dat[8]/D1             5.898         
dac_dat_b_reg[2]/C             oddr_dac_dat[2]/D1             5.950         
dac_dat_b_reg[9]/C             oddr_dac_dat[9]/D1             5.984         
dac_dat_b_reg[7]/C             oddr_dac_dat[7]/D1             5.989         



